2025-10-03T04:37:36.299Z - info: Website generation started at 12:36:51 pm
2025-10-03T04:38:03.369Z - info: Building assets...
2025-10-03T04:38:15.262Z - info: Assets built
2025-10-03T04:38:15.263Z - info: Generating pages...
2025-10-03T04:38:46.579Z - debug:  
2025-10-03T04:38:55.494Z - debug:  
2025-10-03T04:38:55.494Z - debug:  
2025-10-03T04:38:55.495Z - debug:  
2025-10-03T04:38:55.495Z - debug:  
2025-10-03T04:38:55.495Z - debug:  
2025-10-03T04:38:55.495Z - debug:  
2025-10-03T04:38:55.495Z - debug:  
2025-10-03T04:38:55.495Z - debug:  
2025-10-03T04:38:55.505Z - debug:  
2025-10-03T04:39:01.440Z - debug:  
2025-10-03T04:39:01.441Z - debug:  
2025-10-03T04:39:02.106Z - debug:  
2025-10-03T04:39:02.499Z - debug:  
2025-10-03T04:39:02.797Z - debug:  
2025-10-03T04:39:02.822Z - debug:  
2025-10-03T04:39:10.429Z - debug:  
2025-10-03T04:40:11.696Z - debug:  
2025-10-03T04:40:30.977Z - warn: Empty reference in D:\Teaching\CS2113\_AY2526S1\ay2526s1-website\book\gitAndGithub\log\unit-inElsewhere-asFlat.md:
Segment '#title' in file: D:\Teaching\CS2113\_AY2526S1\ay2526s1-website\book\gitAndGithub\log\text.md is empty
2025-10-03T04:44:26.158Z - debug:  
2025-10-03T04:44:56.005Z - debug:  
2025-10-03T04:44:56.006Z - debug:  
2025-10-03T04:45:16.786Z - info: Pages built
2025-10-03T04:45:18.019Z - info: Site data built
2025-10-03T04:45:18.020Z - info: Website generation complete! Total build time: 506.948s
2025-10-03T04:45:18.020Z - info: Build success!
2025-10-03T04:54:23.445Z - info: The website has been deployed at: https://nus-cs2113-ay2526s1.github.io/website
