2025-10-26T15:03:36.036Z - info: Website generation (lazy) started at 11:03:13 pm
2025-10-26T15:03:53.133Z - warn: ENOENT: no such file or directory, open 'D:\AkshayNarayan\Teaching\CS2113\_AY2526Sem1\ay2526s1-website\cache\gh-pages\https!github.com!nus-cs2113-AY2526S1!website.git\book\_markbind\variables.md'
2025-10-26T15:03:53.136Z - warn: ENOENT: no such file or directory, open 'D:\AkshayNarayan\Teaching\CS2113\_AY2526Sem1\ay2526s1-website\cache\gh-pages\https!github.com!nus-cs2113-AY2526S1!website.git\_markbind\variables.md'
2025-10-26T15:03:53.309Z - info: Building assets...
2025-10-26T15:05:45.224Z - info: Assets built
2025-10-26T15:05:45.227Z - info: Generating landing page...
2025-10-26T15:05:48.544Z - info: Landing page built, other pages will be built as you navigate to them!
2025-10-26T15:05:50.841Z - info: Site data built
2025-10-26T15:05:50.842Z - info: Website generation (lazy) complete! Total build time: 157.466s
2025-10-26T15:05:51.142Z - info: Serving "D:\AkshayNarayan\Teaching\CS2113\_AY2526Sem1\ay2526s1-website\_site" at http://127.0.0.1:8080
2025-10-26T15:05:51.143Z - info: Press CTRL+C to stop ...
2025-10-26T15:06:14.002Z - info: [11:06:14 pm] Reload for file change: D:\AkshayNarayan\Teaching\CS2113\_AY2526Sem1\ay2526s1-website\_course-CS2113\studentData-fragment.md
2025-10-26T15:06:14.002Z - info: Synchronizing opened pages list before reload
2025-10-26T15:06:14.004Z - info: Current opened pages, from most-to-least recent:
2025-10-26T15:06:14.005Z - info: 1. index
2025-10-26T15:06:14.006Z - info: [11:06:14 pm] Reload for file change: D:\AkshayNarayan\Teaching\CS2113\_AY2526Sem1\ay2526s1-website\_markbind\variables.md
2025-10-26T15:06:14.006Z - info: Synchronizing opened pages list before reload
2025-10-26T15:06:14.007Z - info: Current opened pages, from most-to-least recent:
2025-10-26T15:06:14.007Z - info: 1. index
2025-10-26T15:06:14.007Z - info: [11:06:14 pm] Reload for file change: D:\AkshayNarayan\Teaching\CS2113\_AY2526Sem1\ay2526s1-website\admin\exams.md
2025-10-26T15:06:14.008Z - info: Synchronizing opened pages list before reload
2025-10-26T15:06:14.008Z - info: Current opened pages, from most-to-least recent:
2025-10-26T15:06:14.008Z - info: 1. index
2025-10-26T15:06:14.026Z - info: [11:06:14 pm] Reload for file change: D:\AkshayNarayan\Teaching\CS2113\_AY2526Sem1\ay2526s1-website\_course-CS2113\weeklyTpTasks-fragment.md
2025-10-26T15:06:14.027Z - info: Synchronizing opened pages list before reload
2025-10-26T15:06:14.027Z - info: Current opened pages, from most-to-least recent:
2025-10-26T15:06:14.027Z - info: 1. index
2025-10-26T15:06:14.028Z - info: [11:06:14 pm] Reload for file change: D:\AkshayNarayan\Teaching\CS2113\_AY2526Sem1\ay2526s1-website\admin\tp-grading.md
2025-10-26T15:06:14.028Z - info: Synchronizing opened pages list before reload
2025-10-26T15:06:14.029Z - info: Current opened pages, from most-to-least recent:
2025-10-26T15:06:14.030Z - info: 1. index
2025-10-26T15:06:17.436Z - warn: ENOENT: no such file or directory, open 'D:\AkshayNarayan\Teaching\CS2113\_AY2526Sem1\ay2526s1-website\cache\gh-pages\https!github.com!nus-cs2113-AY2526S1!website.git\book\_markbind\variables.md'
2025-10-26T15:06:17.439Z - warn: ENOENT: no such file or directory, open 'D:\AkshayNarayan\Teaching\CS2113\_AY2526Sem1\ay2526s1-website\cache\gh-pages\https!github.com!nus-cs2113-AY2526S1!website.git\_markbind\variables.md'
2025-10-26T15:06:17.539Z - warn: Rebuilding all pages as variables file was changed, or the --force-reload flag was set
2025-10-26T15:06:17.556Z - info: Rebuilding 1 pages
2025-10-26T15:06:22.649Z - info: Site data built
2025-10-26T15:06:22.650Z - info: Pages rebuilt
2025-10-26T15:06:22.650Z - info: Website regeneration complete! Total build time: 5.243s
2025-10-26T15:06:47.121Z - info: Building D:\AkshayNarayan\Teaching\CS2113\_AY2526Sem1\ay2526s1-website\schedule\week10\project as some of its dependencies were changed since the last visit
2025-10-26T15:06:49.653Z - info: Site data built
2025-10-26T15:06:49.655Z - info: Lazy website regeneration complete! Total build time: 2.533s
2025-10-26T15:06:59.496Z - info: [11:06:59 pm] Reload for file change: D:\AkshayNarayan\Teaching\CS2113\_AY2526Sem1\ay2526s1-website\_markbind\variables.md
2025-10-26T15:06:59.497Z - info: Synchronizing opened pages list before reload
2025-10-26T15:06:59.497Z - info: Current opened pages, from most-to-least recent:
2025-10-26T15:06:59.497Z - info: 1. schedule/week10/project
2025-10-26T15:07:00.539Z - warn: ENOENT: no such file or directory, open 'D:\AkshayNarayan\Teaching\CS2113\_AY2526Sem1\ay2526s1-website\cache\gh-pages\https!github.com!nus-cs2113-AY2526S1!website.git\book\_markbind\variables.md'
2025-10-26T15:07:00.542Z - warn: ENOENT: no such file or directory, open 'D:\AkshayNarayan\Teaching\CS2113\_AY2526Sem1\ay2526s1-website\cache\gh-pages\https!github.com!nus-cs2113-AY2526S1!website.git\_markbind\variables.md'
2025-10-26T15:07:00.637Z - warn: Rebuilding all pages as variables file was changed, or the --force-reload flag was set
2025-10-26T15:07:00.648Z - info: Rebuilding 1 pages
2025-10-26T15:07:02.658Z - info: Site data built
2025-10-26T15:07:02.658Z - info: Pages rebuilt
2025-10-26T15:07:02.659Z - info: Website regeneration complete! Total build time: 2.145s
2025-10-26T15:07:11.131Z - info: Building D:\AkshayNarayan\Teaching\CS2113\_AY2526Sem1\ay2526s1-website\schedule\week11\index as some of its dependencies were changed since the last visit
2025-10-26T15:07:12.852Z - info: Site data built
2025-10-26T15:07:12.853Z - info: Lazy website regeneration complete! Total build time: 1.722s
2025-10-26T15:07:18.970Z - info: [11:07:18 pm] Reload for file change: D:\AkshayNarayan\Teaching\CS2113\_AY2526Sem1\ay2526s1-website\_markbind\variables.md
2025-10-26T15:07:18.971Z - info: Synchronizing opened pages list before reload
2025-10-26T15:07:18.972Z - info: Current opened pages, from most-to-least recent:
2025-10-26T15:07:18.972Z - info: 1. schedule/week11/index
2025-10-26T15:07:19.989Z - warn: ENOENT: no such file or directory, open 'D:\AkshayNarayan\Teaching\CS2113\_AY2526Sem1\ay2526s1-website\cache\gh-pages\https!github.com!nus-cs2113-AY2526S1!website.git\book\_markbind\variables.md'
2025-10-26T15:07:19.991Z - warn: ENOENT: no such file or directory, open 'D:\AkshayNarayan\Teaching\CS2113\_AY2526Sem1\ay2526s1-website\cache\gh-pages\https!github.com!nus-cs2113-AY2526S1!website.git\_markbind\variables.md'
2025-10-26T15:07:20.029Z - warn: Rebuilding all pages as variables file was changed, or the --force-reload flag was set
2025-10-26T15:07:20.032Z - info: Rebuilding 1 pages
2025-10-26T15:07:21.469Z - info: Site data built
2025-10-26T15:07:21.469Z - info: Pages rebuilt
2025-10-26T15:07:21.470Z - info: Website regeneration complete! Total build time: 1.49s
2025-10-26T15:07:25.215Z - info: Building D:\AkshayNarayan\Teaching\CS2113\_AY2526Sem1\ay2526s1-website\schedule\week11\project as some of its dependencies were changed since the last visit
2025-10-26T15:07:31.423Z - info: Site data built
2025-10-26T15:07:31.423Z - info: Lazy website regeneration complete! Total build time: 6.209s
2025-10-26T15:14:13.308Z - info: [11:14:13 pm] Reload for file change: D:\AkshayNarayan\Teaching\CS2113\_AY2526Sem1\ay2526s1-website\admin\tp-ped-fragment.md
2025-10-26T15:14:13.308Z - info: Synchronizing opened pages list before reload
2025-10-26T15:14:13.309Z - info: Current opened pages, from most-to-least recent:
2025-10-26T15:14:13.309Z - info: 1. schedule/week11/project
2025-10-26T15:14:14.313Z - info: Rebuilding 1 pages
2025-10-26T15:14:21.280Z - info: Site data built
2025-10-26T15:14:21.281Z - info: Pages rebuilt
2025-10-26T15:14:21.282Z - info: Website regeneration complete! Total build time: 6.97s
2025-10-26T15:18:42.448Z - info: [11:18:42 pm] Reload for file change: D:\AkshayNarayan\Teaching\CS2113\_AY2526Sem1\ay2526s1-website\_course-CS2113\weeklyTpTasks-fragment.md
2025-10-26T15:18:42.503Z - info: Synchronizing opened pages list before reload
2025-10-26T15:18:42.527Z - info: Current opened pages, from most-to-least recent:
2025-10-26T15:18:42.551Z - info: 1. schedule/week11/project
2025-10-26T15:18:43.988Z - info: Rebuilding 1 pages
2025-10-26T15:18:52.443Z - info: Site data built
2025-10-26T15:18:52.445Z - info: Pages rebuilt
2025-10-26T15:18:52.447Z - info: Website regeneration complete! Total build time: 8.467s
2025-10-26T15:19:06.806Z - info: [11:19:06 pm] Reload for file change: D:\AkshayNarayan\Teaching\CS2113\_AY2526Sem1\ay2526s1-website\_course-CS2113\weeklyTpTasks-fragment.md
2025-10-26T15:19:06.806Z - info: Synchronizing opened pages list before reload
2025-10-26T15:19:06.806Z - info: Current opened pages, from most-to-least recent:
2025-10-26T15:19:06.807Z - info: 1. schedule/week11/project
2025-10-26T15:19:07.958Z - info: Rebuilding 1 pages
2025-10-26T15:19:11.240Z - info: Site data built
2025-10-26T15:19:11.241Z - info: Pages rebuilt
2025-10-26T15:19:11.241Z - info: Website regeneration complete! Total build time: 3.284s
2025-10-26T15:19:20.634Z - info: [11:19:20 pm] Reload for file change: D:\AkshayNarayan\Teaching\CS2113\_AY2526Sem1\ay2526s1-website\_course-CS2113\weeklyTpTasks-fragment.md
2025-10-26T15:19:20.634Z - info: Synchronizing opened pages list before reload
2025-10-26T15:19:20.635Z - info: Current opened pages, from most-to-least recent:
2025-10-26T15:19:20.635Z - info: 1. schedule/week11/project
2025-10-26T15:19:21.715Z - info: Rebuilding 1 pages
2025-10-26T15:19:25.443Z - info: Site data built
2025-10-26T15:19:25.456Z - info: Pages rebuilt
2025-10-26T15:19:25.472Z - info: Website regeneration complete! Total build time: 3.742s
2025-10-26T15:43:40.964Z - info: Building D:\AkshayNarayan\Teaching\CS2113\_AY2526Sem1\ay2526s1-website\admin\tp-w11 as some of its dependencies were changed since the last visit
2025-10-26T15:43:44.073Z - info: Site data built
2025-10-26T15:43:44.075Z - info: Lazy website regeneration complete! Total build time: 3.117s
2025-10-26T15:45:36.350Z - info: [11:45:36 pm] Reload for file change: D:\AkshayNarayan\Teaching\CS2113\_AY2526Sem1\ay2526s1-website\admin\tp-deliverables-ug-fragment.md
2025-10-26T15:45:36.351Z - info: Synchronizing opened pages list before reload
2025-10-26T15:45:36.352Z - info: Current opened pages, from most-to-least recent:
2025-10-26T15:45:36.352Z - info: 1. admin/tp-w11
2025-10-26T15:45:37.364Z - info: Rebuilding 1 pages
2025-10-26T15:45:40.108Z - info: Site data built
2025-10-26T15:45:40.108Z - info: Pages rebuilt
2025-10-26T15:45:40.109Z - info: Website regeneration complete! Total build time: 2.745s
2025-10-26T15:48:30.976Z - info: [11:48:30 pm] Reload for file change: D:\AkshayNarayan\Teaching\CS2113\_AY2526Sem1\ay2526s1-website\admin\tp-deliverables-dg-fragment.md
2025-10-26T15:48:30.977Z - info: Synchronizing opened pages list before reload
2025-10-26T15:48:30.977Z - info: Current opened pages, from most-to-least recent:
2025-10-26T15:48:30.978Z - info: 1. admin/tp-w11
2025-10-26T15:48:31.984Z - info: Rebuilding 1 pages
2025-10-26T15:48:35.739Z - info: Site data built
2025-10-26T15:48:35.740Z - info: Pages rebuilt
2025-10-26T15:48:35.741Z - info: Website regeneration complete! Total build time: 3.757s
2025-10-26T15:50:53.735Z - info: [11:50:53 pm] Reload for file change: D:\AkshayNarayan\Teaching\CS2113\_AY2526Sem1\ay2526s1-website\_course-CS2113\studentData-fragment.md
2025-10-26T15:50:53.735Z - info: Synchronizing opened pages list before reload
2025-10-26T15:50:53.736Z - info: Current opened pages, from most-to-least recent:
2025-10-26T15:50:53.737Z - info: 1. admin/tp-w11
2025-10-26T15:50:54.754Z - info: Rebuilding 1 pages
2025-10-26T15:50:54.961Z - warn:  Error: Error while generating D:\AkshayNarayan\Teaching\CS2113\_AY2526Sem1\ay2526s1-website\admin\tp-w11.md: Template render error: (D:\AkshayNarayan\Teaching\CS2113\_AY2526Sem1\ay2526s1-website\admin\tp-w11.md)
  Template render error: (D:\AkshayNarayan\Teaching\CS2113\_AY2526Sem1\ay2526s1-website\admin\tp-w11.md)
  Template render error: (D:\AkshayNarayan\Teaching\CS2113\_AY2526Sem1\ay2526s1-website\admin\tp-w11.md)
  Template render error: (D:\AkshayNarayan\Teaching\CS2113\_AY2526Sem1\ay2526s1-website\admin\tp-w11.md)
  Template render error: (D:\AkshayNarayan\Teaching\CS2113\_AY2526Sem1\ay2526s1-website\admin\tp-w11.md)
  Template render error: (D:\AkshayNarayan\Teaching\CS2113\_AY2526Sem1\ay2526s1-website\admin\tp-w11.md)
  Template render error: (D:\AkshayNarayan\Teaching\CS2113\_AY2526Sem1\ay2526s1-website\admin\tp-w11.md)
  Template render error: (D:\AkshayNarayan\Teaching\CS2113\_AY2526Sem1\ay2526s1-website\admin\tp-w11.md) [Line 56, Column 69]
  Template render error: (D:\AkshayNarayan\Teaching\CS2113\_AY2526Sem1\ay2526s1-website\admin\tp-w11.md)
  Template render error: (D:\AkshayNarayan\Teaching\CS2113\_AY2526Sem1\ay2526s1-website\admin\tp-w11.md)
  Template render error: (D:\AkshayNarayan\Teaching\CS2113\_AY2526Sem1\ay2526s1-website\admin\tp-w11.md)
  Template render error: (D:\AkshayNarayan\Teaching\CS2113\_AY2526Sem1\ay2526s1-website\admin\tp-w11.md)
  Template render error: (D:\AkshayNarayan\Teaching\CS2113\_AY2526Sem1\ay2526s1-website\admin\tp-w11.md)
  Template render error: (D:\AkshayNarayan\Teaching\CS2113\_AY2526Sem1\ay2526s1-website\admin\tp-w11.md)
  Template render error: (D:\AkshayNarayan\Teaching\CS2113\_AY2526Sem1\ay2526s1-website\admin\tp-w11.md) [Line 1018, Column 11]
  Template render error: (D:\AkshayNarayan\Teaching\CS2113\_AY2526Sem1\ay2526s1-website\admin\tp-w11.md)
  Template render error: (D:\AkshayNarayan\Teaching\CS2113\_AY2526Sem1\ay2526s1-website\admin\tp-w11.md)
  Template render error: (D:\AkshayNarayan\Teaching\CS2113\_AY2526Sem1\ay2526s1-website\admin\tp-w11.md)
  Template render error: (D:\AkshayNarayan\Teaching\CS2113\_AY2526Sem1\ay2526s1-website\admin\tp-w11.md)
  Template render error: (D:\AkshayNarayan\Teaching\CS2113\_AY2526Sem1\ay2526s1-website\admin\tp-w11.md)
  Template render error: (D:\AkshayNarayan\Teaching\CS2113\_AY2526Sem1\ay2526s1-website\admin\tp-w11.md) [Line 56, Column 69]
  Template render error: (D:\AkshayNarayan\Teaching\CS2113\_AY2526Sem1\ay2526s1-website\admin\tp-w11.md)
  Template render error: (D:\AkshayNarayan\Teaching\CS2113\_AY2526Sem1\ay2526s1-website\admin\tp-w11.md)
  Template render error: (D:\AkshayNarayan\Teaching\CS2113\_AY2526Sem1\ay2526s1-website\admin\tp-w11.md)
  Template render error: (D:\AkshayNarayan\Teaching\CS2113\_AY2526Sem1\ay2526s1-website\admin\tp-w11.md) [Line 276, Column 127]
  Template render error: (D:\AkshayNarayan\Teaching\CS2113\_AY2526Sem1\ay2526s1-website\admin\tp-w11.md)
  Template render error: (D:\AkshayNarayan\Teaching\CS2113\_AY2526Sem1\ay2526s1-website\admin\tp-w11.md)
  Template render error: (D:\AkshayNarayan\Teaching\CS2113\_AY2526Sem1\ay2526s1-website\admin\tp-w11.md)
  Template render error: (D:\AkshayNarayan\Teaching\CS2113\_AY2526Sem1\ay2526s1-website\admin\tp-w11.md)
  Template render error: (D:\AkshayNarayan\Teaching\CS2113\_AY2526Sem1\ay2526s1-website\admin\tp-w11.md)
  Template render error: (D:\AkshayNarayan\Teaching\CS2113\_AY2526Sem1\ay2526s1-website\admin\tp-w11.md)
  Template render error: (D:\AkshayNarayan\Teaching\CS2113\_AY2526Sem1\ay2526s1-website\admin\tp-w11.md)
  Template render error: (D:\AkshayNarayan\Teaching\CS2113\_AY2526Sem1\ay2526s1-website\admin\tp-w11.md)
  Template render error: (D:\AkshayNarayan\Teaching\CS2113\_AY2526Sem1\ay2526s1-website\admin\tp-w11.md)
  Template render error: (D:\AkshayNarayan\Teaching\CS2113\_AY2526Sem1\ay2526s1-website\admin\tp-w11.md) [Line 61, Column 46]
  Template render error: (D:\AkshayNarayan\Teaching\CS2113\_AY2526Sem1\ay2526s1-website\admin\tp-w11.md)
  Template render error: (D:\AkshayNarayan\Teaching\CS2113\_AY2526Sem1\ay2526s1-website\admin\tp-w11.md)
  Template render error: (D:\AkshayNarayan\Teaching\CS2113\_AY2526Sem1\ay2526s1-website\admin\tp-w11.md)
  Template render error: (D:\AkshayNarayan\Teaching\CS2113\_AY2526Sem1\ay2526s1-website\admin\tp-w11.md) [Line 56, Column 69]
  Template render error: (D:\AkshayNarayan\Teaching\CS2113\_AY2526Sem1\ay2526s1-website\admin\tp-w11.md)
  Template render error: (D:\AkshayNarayan\Teaching\CS2113\_AY2526Sem1\ay2526s1-website\admin\tp-w11.md)
  Template render error: (D:\AkshayNarayan\Teaching\CS2113\_AY2526Sem1\ay2526s1-website\admin\tp-w11.md)
  Template render error: (D:\AkshayNarayan\Teaching\CS2113\_AY2526Sem1\ay2526s1-website\admin\tp-w11.md) [Line 384, Column 34]
  parseAggregate: expected comma after expression
    at Site.<anonymous> (C:\Users\dcsaksh\AppData\Roaming\npm\node_modules\markbind-cli\node_modules\@markbind\core\src\Site\index.js:926:27)
    at Generator.throw (<anonymous>)
    at rejected (C:\Users\dcsaksh\AppData\Roaming\npm\node_modules\markbind-cli\node_modules\@markbind\core\src\Site\index.js:29:65)
2025-10-26T15:51:39.807Z - info: [11:51:39 pm] Reload for file change: D:\AkshayNarayan\Teaching\CS2113\_AY2526Sem1\ay2526s1-website\_course-CS2113\studentData-fragment.md
2025-10-26T15:51:39.809Z - info: Synchronizing opened pages list before reload
2025-10-26T15:51:39.811Z - info: Current opened pages, from most-to-least recent:
2025-10-26T15:51:39.812Z - info: 1. admin/tp-w11
2025-10-26T15:51:40.820Z - info: No pages needed to be rebuilt
2025-10-26T15:54:37.321Z - info: [11:54:37 pm] Reload for file change: D:\AkshayNarayan\Teaching\CS2113\_AY2526Sem1\ay2526s1-website\admin\tp-ped-fragment.md
2025-10-26T15:54:37.322Z - info: Synchronizing opened pages list before reload
2025-10-26T15:54:37.323Z - info: Current opened pages, from most-to-least recent:
2025-10-26T15:54:37.325Z - info: 1. admin/tp-w11
2025-10-26T15:54:38.333Z - info: No pages needed to be rebuilt
2025-10-26T15:57:18.595Z - info: Building D:\AkshayNarayan\Teaching\CS2113\_AY2526Sem1\ay2526s1-website\admin\tp-w12 as some of its dependencies were changed since the last visit
2025-10-26T15:57:25.480Z - info: Site data built
2025-10-26T15:57:25.481Z - info: Lazy website regeneration complete! Total build time: 6.887s
2025-10-26T15:57:58.097Z - info: Building D:\AkshayNarayan\Teaching\CS2113\_AY2526Sem1\ay2526s1-website\index as some of its dependencies were changed since the last visit
2025-10-26T15:58:00.347Z - info: Site data built
2025-10-26T15:58:00.348Z - info: Lazy website regeneration complete! Total build time: 2.25s
2025-10-26T15:58:05.830Z - info: Building D:\AkshayNarayan\Teaching\CS2113\_AY2526Sem1\ay2526s1-website\schedule\week11\tutorial as some of its dependencies were changed since the last visit
2025-10-26T15:58:07.450Z - info: Site data built
2025-10-26T15:58:07.450Z - info: Lazy website regeneration complete! Total build time: 1.621s
2025-10-26T15:58:55.662Z - info: Building D:\AkshayNarayan\Teaching\CS2113\_AY2526Sem1\ay2526s1-website\schedule\week11\project as some of its dependencies were changed since the last visit
2025-10-26T15:58:58.693Z - info: Site data built
2025-10-26T15:58:58.694Z - info: Lazy website regeneration complete! Total build time: 3.032s
2025-10-26T15:59:17.687Z - info: [11:59:17 pm] Reload for file change: D:\AkshayNarayan\Teaching\CS2113\_AY2526Sem1\ay2526s1-website\admin\tp-ped-fragment.md
2025-10-26T15:59:17.687Z - info: Synchronizing opened pages list before reload
2025-10-26T15:59:17.687Z - info: Current opened pages, from most-to-least recent:
2025-10-26T15:59:17.687Z - info: 1. schedule/week11/project
2025-10-26T15:59:18.698Z - info: Rebuilding 1 pages
2025-10-26T15:59:22.000Z - info: Site data built
2025-10-26T15:59:22.001Z - info: Pages rebuilt
2025-10-26T15:59:22.001Z - info: Website regeneration complete! Total build time: 3.305s
2025-10-26T15:59:39.304Z - info: [11:59:39 pm] Reload for file change: D:\AkshayNarayan\Teaching\CS2113\_AY2526Sem1\ay2526s1-website\admin\tp-ped-fragment.md
2025-10-26T15:59:39.304Z - info: Synchronizing opened pages list before reload
2025-10-26T15:59:39.305Z - info: Current opened pages, from most-to-least recent:
2025-10-26T15:59:39.305Z - info: 1. schedule/week11/project
2025-10-26T15:59:40.310Z - info: Rebuilding 1 pages
2025-10-26T15:59:43.736Z - info: Site data built
2025-10-26T15:59:43.737Z - info: Pages rebuilt
2025-10-26T15:59:43.738Z - info: Website regeneration complete! Total build time: 3.429s
2025-10-26T15:59:52.628Z - info: [11:59:52 pm] Reload for file change: D:\AkshayNarayan\Teaching\CS2113\_AY2526Sem1\ay2526s1-website\admin\tp-ped-fragment.md
2025-10-26T15:59:52.629Z - info: Synchronizing opened pages list before reload
2025-10-26T15:59:52.630Z - info: Current opened pages, from most-to-least recent:
2025-10-26T15:59:52.630Z - info: 1. schedule/week11/project
2025-10-26T15:59:53.646Z - info: Rebuilding 1 pages
2025-10-26T15:59:56.908Z - info: Site data built
2025-10-26T15:59:56.909Z - info: Pages rebuilt
2025-10-26T15:59:56.909Z - info: Website regeneration complete! Total build time: 3.263s
