2025-08-29T06:50:15.437Z - info: Website generation started at 2:49:52 pm
2025-08-29T06:50:26.517Z - info: Building assets...
2025-08-29T06:50:32.427Z - info: Assets built
2025-08-29T06:50:32.428Z - info: Generating pages...
2025-08-29T06:50:57.608Z - debug:  
2025-08-29T06:50:57.612Z - debug:  
2025-08-29T06:50:57.612Z - debug:  
2025-08-29T06:50:57.613Z - debug:  
2025-08-29T06:50:57.613Z - debug:  
2025-08-29T06:50:57.614Z - debug:  
2025-08-29T06:50:57.614Z - debug:  
2025-08-29T06:50:57.614Z - debug:  
2025-08-29T06:50:57.614Z - debug:  
2025-08-29T06:51:11.649Z - debug:  
2025-08-29T06:51:19.106Z - debug:  
2025-08-29T06:51:19.209Z - debug:  
2025-08-29T06:51:20.201Z - debug:  
2025-08-29T06:51:20.289Z - debug:  
2025-08-29T06:51:20.597Z - debug:  
2025-08-29T06:51:20.598Z - debug:  
2025-08-29T06:51:27.810Z - debug:  
2025-08-29T06:52:12.714Z - debug:  
2025-08-29T06:52:24.035Z - warn: Empty reference in D:\Teaching\CS2113\_AY2526S1\ay2526s1-website\book\gitAndGithub\log\unit-inElsewhere-asFlat.md:
Segment '#title' in file: D:\Teaching\CS2113\_AY2526S1\ay2526s1-website\book\gitAndGithub\log\text.md is empty
2025-08-29T06:54:17.636Z - debug:  
2025-08-29T06:54:36.677Z - debug:  
2025-08-29T06:54:36.731Z - debug:  
2025-08-29T06:54:47.305Z - info: Pages built
2025-08-29T06:54:50.104Z - info: Site data built
2025-08-29T06:54:50.105Z - info: Website generation complete! Total build time: 297.443s
2025-08-29T06:54:50.105Z - info: Build success!
2025-08-29T06:54:56.110Z - error: uncaughtException: error: The following untracked working tree files would be overwritten by checkout:
	book/about/images/chromeSaveAsPdf.png
	book/architecture/architecturalStyles/clientServer/what/images/clientServer.png
	book/architecture/architecturalStyles/clientServer/what/images/clientServerExamples.png
	book/architecture/architecturalStyles/eventDriven/what/images/eventDriven.png
	book/architecture/architecturalStyles/eventDriven/what/images/eventDrivenExamples.png
	book/architecture/architecturalStyles/more/usingStyles/images/minesweeperExample.png
	book/architecture/architecturalStyles/nTier/what/images/nTier.png
	book/architecture/architecturalStyles/nTier/what/images/nTierExamples.png
	book/architecture/architecturalStyles/serviceOriented/what/images/amazonWebServices.png
	book/architecture/architecturalStyles/transactionProcessing/what/images/transactionProcessing.png
	book/architecture/architecturalStyles/transactionProcessing/what/images/transactionProcessingExamples.png
	book/architecture/architectureDiagrams/drawing/images/tip.png
	book/architecture/introduction/what/images/minesweeper.png
	book/architecture/introduction/what/images/minesweeperArchitecture.png
	book/codeQuality/maximizeReadability/basic/avoidDeepNesting/images/arrowheadStyle.png
	book/combined/images/classDiagramsAllNotations.png
	book/combined/images/objectDiagramsAllNotations.png
	book/commit.sh
	book/common/macros.njk
	book/cppToJava/misc/javaFX/part01/images/address-app-final-screenshot.png
	book/cppToJava/misc/javaFX/part01/images/config-jdk-project-structure.png
	book/cppToJava/misc/javaFX/part01/images/config-jdk-welcome-screen.png
	book/cppToJava/misc/javaFX/part01/images/config-scene-builder-settings.png
	book/cppToJava/misc/javaFX/part01/images/create-main-app-add-border-pane.png
	book/cppToJava/misc/javaFX/part01/images/create-main-app-delete-anchor-pane.png
	book/cppToJava/misc/javaFX/part01/images/create-main-app-menu-bar.png
	book/cppToJava/misc/javaFX/part01/images/create-main-app-resize.png
	book/cppToJava/misc/javaFX/part01/images/design-scene-builder-button-bar.png
	book/cppToJava/misc/javaFX/part01/images/design-scene-builder-final.png
	book/cppToJava/misc/javaFX/part01/images/design-scene-builder-fit-to-parent.png
	book/cppToJava/misc/javaFX/part01/images/design-scene-builder-grid-pane-1.png
	book/cppToJava/misc/javaFX/part01/images/design-scene-builder-grid-pane-2.png
	book/cppToJava/misc/javaFX/part01/images/design-scene-builder-grid-pane-3.png
	book/cppToJava/misc/javaFX/part01/images/design-scene-builder-main-anchor.png
	book/cppToJava/misc/javaFX/part01/images/design-scene-builder-table-anchors.png
	book/cppToJava/misc/javaFX/part01/images/design-scene-builder-table-columns-resize.png
	book/cppToJava/misc/javaFX/part01/images/design-scene-builder-table-columns.png
	book/cppToJava/misc/javaFX/part01/images/design-scene-builder-title-label.png
	book/cppToJava/misc/javaFX/part01/images/javafx-hierarchy.png
	book/cppToJava/misc/javaFX/part01/images/javafx-import-error.png
	book/cppToJava/misc/javaFX/part01/images/new-packages.png
	book/cppToJava/misc/javaFX/part01/images/new-project.png
	book/cppToJava/misc/javaFX/part02/images/address-app-final-screenshot.png
	book/cppToJava/misc/javaFX/part02/images/hook-view-controller.png
	book/cppToJava/misc/javaFX/part02/images/hook-view-labels.png
	book/cppToJava/misc/javaFX/part02/images/hook-view-person-table.png
	book/css/common.css
	book/css/print.css
	book/css/textbook.css
	book/deploy.sh
	book/designFundamentals/coupling/what/images/alternativeDesigns.png
	book/designFundamentals/coupling/what/images/playerPuzzleManager.png
	book/designPatterns/abstractionOccurrence/what/images/abstractionOccurrence.png
	book/designPatterns/abstractionOccurrence/what/images/beforeAfter.png
	book/designPatterns/abstractionOccurrence/what/images/book.png
	book/designPatterns/abstractionOccurrence/what/images/bookFriends.png
	book/designPatterns/abstractionOccurrence/what/images/bookTitleBookCopy.png
	book/designPatterns/command/what/images/clientInvoker.png
	book/designPatterns/command/what/images/commandCr
Aborting
 date=Fri Aug 29 2025 14:54:56 GMT+0800 (Singapore Standard Time), pid=30308, uid=null, gid=null, cwd=D:\Teaching\CS2113\_AY2526S1\ay2526s1-website, execPath=C:\Program Files\nodejs\node.exe, version=v18.17.1, argv=[C:\Program Files\nodejs\node.exe, C:\Users\dcsaksh\AppData\Roaming\npm\node_modules\markbind-cli\index.js, deploy], rss=1421189120, heapTotal=1547399168, heapUsed=1081248584, external=1675108, arrayBuffers=739729, loadavg=[0, 0, 0], uptime=856134.156
ProcessError: error: The following untracked working tree files would be overwritten by checkout:
	book/about/images/chromeSaveAsPdf.png
	book/architecture/architecturalStyles/clientServer/what/images/clientServer.png
	book/architecture/architecturalStyles/clientServer/what/images/clientServerExamples.png
	book/architecture/architecturalStyles/eventDriven/what/images/eventDriven.png
	book/architecture/architecturalStyles/eventDriven/what/images/eventDrivenExamples.png
	book/architecture/architecturalStyles/more/usingStyles/images/minesweeperExample.png
	book/architecture/architecturalStyles/nTier/what/images/nTier.png
	book/architecture/architecturalStyles/nTier/what/images/nTierExamples.png
	book/architecture/architecturalStyles/serviceOriented/what/images/amazonWebServices.png
	book/architecture/architecturalStyles/transactionProcessing/what/images/transactionProcessing.png
	book/architecture/architecturalStyles/transactionProcessing/what/images/transactionProcessingExamples.png
	book/architecture/architectureDiagrams/drawing/images/tip.png
	book/architecture/introduction/what/images/minesweeper.png
	book/architecture/introduction/what/images/minesweeperArchitecture.png
	book/codeQuality/maximizeReadability/basic/avoidDeepNesting/images/arrowheadStyle.png
	book/combined/images/classDiagramsAllNotations.png
	book/combined/images/objectDiagramsAllNotations.png
	book/commit.sh
	book/common/macros.njk
	book/cppToJava/misc/javaFX/part01/images/address-app-final-screenshot.png
	book/cppToJava/misc/javaFX/part01/images/config-jdk-project-structure.png
	book/cppToJava/misc/javaFX/part01/images/config-jdk-welcome-screen.png
	book/cppToJava/misc/javaFX/part01/images/config-scene-builder-settings.png
	book/cppToJava/misc/javaFX/part01/images/create-main-app-add-border-pane.png
	book/cppToJava/misc/javaFX/part01/images/create-main-app-delete-anchor-pane.png
	book/cppToJava/misc/javaFX/part01/images/create-main-app-menu-bar.png
	book/cppToJava/misc/javaFX/part01/images/create-main-app-resize.png
	book/cppToJava/misc/javaFX/part01/images/design-scene-builder-button-bar.png
	book/cppToJava/misc/javaFX/part01/images/design-scene-builder-final.png
	book/cppToJava/misc/javaFX/part01/images/design-scene-builder-fit-to-parent.png
	book/cppToJava/misc/javaFX/part01/images/design-scene-builder-grid-pane-1.png
	book/cppToJava/misc/javaFX/part01/images/design-scene-builder-grid-pane-2.png
	book/cppToJava/misc/javaFX/part01/images/design-scene-builder-grid-pane-3.png
	book/cppToJava/misc/javaFX/part01/images/design-scene-builder-main-anchor.png
	book/cppToJava/misc/javaFX/part01/images/design-scene-builder-table-anchors.png
	book/cppToJava/misc/javaFX/part01/images/design-scene-builder-table-columns-resize.png
	book/cppToJava/misc/javaFX/part01/images/design-scene-builder-table-columns.png
	book/cppToJava/misc/javaFX/part01/images/design-scene-builder-title-label.png
	book/cppToJava/misc/javaFX/part01/images/javafx-hierarchy.png
	book/cppToJava/misc/javaFX/part01/images/javafx-import-error.png
	book/cppToJava/misc/javaFX/part01/images/new-packages.png
	book/cppToJava/misc/javaFX/part01/images/new-project.png
	book/cppToJava/misc/javaFX/part02/images/address-app-final-screenshot.png
	book/cppToJava/misc/javaFX/part02/images/hook-view-controller.png
	book/cppToJava/misc/javaFX/part02/images/hook-view-labels.png
	book/cppToJava/misc/javaFX/part02/images/hook-view-person-table.png
	book/css/common.css
	book/css/print.css
	book/css/textbook.css
	book/deploy.sh
	book/designFundamentals/coupling/what/images/alternativeDesigns.png
	book/designFundamentals/coupling/what/images/playerPuzzleManager.png
	book/designPatterns/abstractionOccurrence/what/images/abstractionOccurrence.png
	book/designPatterns/abstractionOccurrence/what/images/beforeAfter.png
	book/designPatterns/abstractionOccurrence/what/images/book.png
	book/designPatterns/abstractionOccurrence/what/images/bookFriends.png
	book/designPatterns/abstractionOccurrence/what/images/bookTitleBookCopy.png
	book/designPatterns/command/what/images/clientInvoker.png
	book/designPatterns/command/what/images/commandCr
Aborting

    at ChildProcess.<anonymous> (C:\Users\dcsaksh\AppData\Roaming\npm\node_modules\markbind-cli\node_modules\gh-pages\lib\git.js:42:16)
    at ChildProcess.emit (node:events:514:28)
    at maybeClose (node:internal/child_process:1091:16)
    at ChildProcess._handle.onexit (node:internal/child_process:302:5)
2025-08-29T07:42:21.594Z - info: Website generation started at 3:41:55 pm
2025-08-29T07:42:26.367Z - info: Building assets...
