2025-09-19T07:21:34.690Z - info: Website generation started at 3:20:49 pm
2025-09-19T07:21:49.547Z - info: Building assets...
2025-09-19T07:21:58.024Z - info: Assets built
2025-09-19T07:21:58.025Z - info: Generating pages...
2025-09-19T07:22:26.131Z - debug:  
2025-09-19T07:22:26.146Z - debug:  
2025-09-19T07:22:26.159Z - debug:  
2025-09-19T07:22:26.160Z - debug:  
2025-09-19T07:22:26.160Z - debug:  
2025-09-19T07:22:26.160Z - debug:  
2025-09-19T07:22:26.160Z - debug:  
2025-09-19T07:22:26.160Z - debug:  
2025-09-19T07:22:26.160Z - debug:  
2025-09-19T07:22:36.597Z - debug:  
2025-09-19T07:22:47.086Z - debug:  
2025-09-19T07:22:47.159Z - debug:  
2025-09-19T07:22:49.299Z - debug:  
2025-09-19T07:22:49.357Z - debug:  
2025-09-19T07:22:49.604Z - debug:  
2025-09-19T07:22:52.104Z - debug:  
2025-09-19T07:22:58.341Z - debug:  
2025-09-19T07:24:55.577Z - debug:  
2025-09-19T07:25:20.230Z - warn: Empty reference in D:\Teaching\CS2113\_AY2526S1\ay2526s1-website\book\gitAndGithub\log\unit-inElsewhere-asFlat.md:
Segment '#title' in file: D:\Teaching\CS2113\_AY2526S1\ay2526s1-website\book\gitAndGithub\log\text.md is empty
2025-09-19T07:28:41.453Z - debug:  
2025-09-19T07:29:10.034Z - debug:  
2025-09-19T07:29:10.096Z - debug:  
2025-09-19T07:29:29.690Z - info: Pages built
2025-09-19T07:29:30.809Z - info: Site data built
2025-09-19T07:29:30.810Z - info: Website generation complete! Total build time: 520.923s
2025-09-19T07:29:30.810Z - info: Build success!
2025-09-19T07:38:00.776Z - info: The website has been deployed at: https://nus-cs2113-ay2526s1.github.io/website
