2025-09-12T05:21:13.538Z - info: Website generation started at 1:20:52 pm
2025-09-12T05:21:24.670Z - info: Building assets...
2025-09-12T05:21:35.239Z - info: Assets built
2025-09-12T05:21:35.241Z - info: Generating pages...
2025-09-12T05:22:01.461Z - debug:  
2025-09-12T05:22:01.468Z - debug:  
2025-09-12T05:22:01.675Z - debug:  
2025-09-12T05:22:01.754Z - debug:  
2025-09-12T05:22:01.761Z - debug:  
2025-09-12T05:22:01.767Z - debug:  
2025-09-12T05:22:01.768Z - debug:  
2025-09-12T05:22:09.148Z - debug:  
2025-09-12T05:22:09.149Z - debug:  
2025-09-12T05:22:09.149Z - debug:  
2025-09-12T05:22:15.142Z - debug:  
2025-09-12T05:22:15.142Z - debug:  
2025-09-12T05:22:16.428Z - debug:  
2025-09-12T05:22:16.446Z - debug:  
2025-09-12T05:22:16.752Z - debug:  
2025-09-12T05:22:17.152Z - debug:  
2025-09-12T05:22:23.735Z - debug:  
2025-09-12T05:23:25.534Z - debug:  
2025-09-12T05:23:46.326Z - warn: Empty reference in D:\Teaching\CS2113\_AY2526S1\ay2526s1-website\book\gitAndGithub\log\unit-inElsewhere-asFlat.md:
Segment '#title' in file: D:\Teaching\CS2113\_AY2526S1\ay2526s1-website\book\gitAndGithub\log\text.md is empty
2025-09-12T05:27:58.136Z - debug:  
2025-09-12T05:28:23.805Z - debug:  
2025-09-12T05:28:23.848Z - debug:  
2025-09-12T05:28:43.690Z - info: Pages built
2025-09-12T05:28:45.091Z - info: Site data built
2025-09-12T05:28:45.092Z - info: Website generation complete! Total build time: 472.318s
2025-09-12T05:28:45.093Z - info: Build success!
2025-09-12T05:36:29.033Z - info: The website has been deployed at: https://nus-cs2113-ay2526s1.github.io/website
