2025-11-06T15:03:51.796Z - info: Website generation (lazy) started at 11:03:22 pm
2025-11-06T15:04:07.844Z - warn: ENOENT: no such file or directory, open 'D:\AkshayNarayan\Teaching\CS2113\_AY2526Sem1\ay2526s1-website\cache\gh-pages\https!github.com!nus-cs2113-AY2526S1!website.git\book\_markbind\variables.md'
2025-11-06T15:04:07.848Z - warn: ENOENT: no such file or directory, open 'D:\AkshayNarayan\Teaching\CS2113\_AY2526Sem1\ay2526s1-website\cache\gh-pages\https!github.com!nus-cs2113-AY2526S1!website.git\_markbind\variables.md'
2025-11-06T15:04:08.005Z - info: Building assets...
2025-11-06T15:05:47.602Z - info: Assets built
2025-11-06T15:05:47.605Z - info: Generating landing page...
2025-11-06T15:05:50.469Z - info: Landing page built, other pages will be built as you navigate to them!
2025-11-06T15:05:53.341Z - info: Site data built
2025-11-06T15:05:53.351Z - info: Website generation (lazy) complete! Total build time: 151.291s
2025-11-06T15:05:55.044Z - info: Serving "D:\AkshayNarayan\Teaching\CS2113\_AY2526Sem1\ay2526s1-website\_site" at http://127.0.0.1:8080
2025-11-06T15:05:55.047Z - info: Press CTRL+C to stop ...
2025-11-06T15:06:12.223Z - info: Building D:\AkshayNarayan\Teaching\CS2113\_AY2526Sem1\ay2526s1-website\schedule\week12\project as some of its dependencies were changed since the last visit
2025-11-06T15:06:19.371Z - info: Site data built
2025-11-06T15:06:19.378Z - info: Lazy website regeneration complete! Total build time: 7.157s
2025-11-06T15:06:57.177Z - info: [11:06:57 pm] Reload for file change: D:\AkshayNarayan\Teaching\CS2113\_AY2526Sem1\ay2526s1-website\admin\tp-tasks-fragment.md
2025-11-06T15:06:57.179Z - info: Synchronizing opened pages list before reload
2025-11-06T15:06:57.179Z - info: Current opened pages, from most-to-least recent:
2025-11-06T15:06:57.180Z - info: 1. schedule/week12/project
2025-11-06T15:06:58.191Z - info: Rebuilding 1 pages
2025-11-06T15:07:03.036Z - info: Site data built
2025-11-06T15:07:03.036Z - info: Pages rebuilt
2025-11-06T15:07:03.037Z - info: Website regeneration complete! Total build time: 4.848s
2025-11-06T15:07:12.932Z - info: [11:07:12 pm] Reload for file change: D:\AkshayNarayan\Teaching\CS2113\_AY2526Sem1\ay2526s1-website\admin\tp-tasks-fragment.md
2025-11-06T15:07:12.933Z - info: Synchronizing opened pages list before reload
2025-11-06T15:07:12.933Z - info: Current opened pages, from most-to-least recent:
2025-11-06T15:07:12.933Z - info: 1. schedule/week12/project
2025-11-06T15:07:13.941Z - info: Rebuilding 1 pages
2025-11-06T15:07:18.359Z - info: Site data built
2025-11-06T15:07:18.360Z - info: Pages rebuilt
2025-11-06T15:07:18.361Z - info: Website regeneration complete! Total build time: 4.421s
2025-11-06T15:08:36.571Z - info: [11:08:36 pm] Reload for file change: D:\AkshayNarayan\Teaching\CS2113\_AY2526Sem1\ay2526s1-website\_course-CS2113\weeklyTpTasks-fragment.md
2025-11-06T15:08:36.572Z - info: Synchronizing opened pages list before reload
2025-11-06T15:08:36.572Z - info: Current opened pages, from most-to-least recent:
2025-11-06T15:08:36.572Z - info: 1. schedule/week12/project
2025-11-06T15:08:37.748Z - info: Rebuilding 1 pages
2025-11-06T15:08:40.792Z - info: [11:08:40 pm] Reload for file change: D:\AkshayNarayan\Teaching\CS2113\_AY2526Sem1\ay2526s1-website\_course-CS2113\weeklyTpTasks-fragment.md
2025-11-06T15:08:40.793Z - info: Synchronizing opened pages list before reload
2025-11-06T15:08:40.794Z - info: Current opened pages, from most-to-least recent:
2025-11-06T15:08:40.794Z - info: 1. schedule/week12/project
2025-11-06T15:08:40.903Z - info: Site data built
2025-11-06T15:08:40.904Z - info: Pages rebuilt
2025-11-06T15:08:40.904Z - info: Website regeneration complete! Total build time: 3.158s
2025-11-06T15:08:41.915Z - info: Rebuilding 1 pages
2025-11-06T15:08:46.110Z - info: Site data built
2025-11-06T15:08:46.111Z - info: Pages rebuilt
2025-11-06T15:08:46.111Z - info: Website regeneration complete! Total build time: 4.196s
2025-11-06T15:09:19.361Z - info: [11:09:19 pm] Reload for file change: D:\AkshayNarayan\Teaching\CS2113\_AY2526Sem1\ay2526s1-website\_course-CS2113\weeklyTpTasks-fragment.md
2025-11-06T15:09:19.361Z - info: Synchronizing opened pages list before reload
2025-11-06T15:09:19.361Z - info: Current opened pages, from most-to-least recent:
2025-11-06T15:09:19.362Z - info: 1. schedule/week12/project
2025-11-06T15:09:20.548Z - info: Rebuilding 1 pages
2025-11-06T15:09:23.424Z - info: Site data built
2025-11-06T15:09:23.425Z - info: Pages rebuilt
2025-11-06T15:09:23.425Z - info: Website regeneration complete! Total build time: 2.879s
2025-11-06T15:09:42.045Z - info: [11:09:42 pm] Reload for file change: D:\AkshayNarayan\Teaching\CS2113\_AY2526Sem1\ay2526s1-website\_course-CS2113\weeklyTpTasks-fragment.md
2025-11-06T15:09:42.045Z - info: Synchronizing opened pages list before reload
2025-11-06T15:09:42.046Z - info: Current opened pages, from most-to-least recent:
2025-11-06T15:09:42.046Z - info: 1. schedule/week12/project
2025-11-06T15:09:43.230Z - info: Rebuilding 1 pages
2025-11-06T15:09:45.996Z - info: Site data built
2025-11-06T15:09:45.996Z - info: Pages rebuilt
2025-11-06T15:09:45.997Z - info: Website regeneration complete! Total build time: 2.767s
2025-11-06T15:10:26.024Z - info: [11:10:26 pm] Reload for file change: D:\AkshayNarayan\Teaching\CS2113\_AY2526Sem1\ay2526s1-website\_course-CS2113\weeklyTpTasks-fragment.md
2025-11-06T15:10:26.024Z - info: Synchronizing opened pages list before reload
2025-11-06T15:10:26.024Z - info: Current opened pages, from most-to-least recent:
2025-11-06T15:10:26.025Z - info: 1. schedule/week12/project
2025-11-06T15:10:27.203Z - info: Rebuilding 1 pages
2025-11-06T15:10:30.000Z - info: Site data built
2025-11-06T15:10:30.000Z - info: Pages rebuilt
2025-11-06T15:10:30.001Z - info: Website regeneration complete! Total build time: 2.8s
2025-11-06T15:11:00.618Z - info: [11:11:00 pm] Reload for file change: D:\AkshayNarayan\Teaching\CS2113\_AY2526Sem1\ay2526s1-website\admin\tp-tasks-fragment.md
2025-11-06T15:11:00.619Z - info: Synchronizing opened pages list before reload
2025-11-06T15:11:00.619Z - info: Current opened pages, from most-to-least recent:
2025-11-06T15:11:00.620Z - info: 1. schedule/week12/project
2025-11-06T15:11:01.641Z - info: Rebuilding 1 pages
2025-11-06T15:11:05.687Z - info: Site data built
2025-11-06T15:11:05.688Z - info: Pages rebuilt
2025-11-06T15:11:05.688Z - info: Website regeneration complete! Total build time: 4.048s
2025-11-06T15:11:59.125Z - info: [11:11:59 pm] Reload for file change: D:\AkshayNarayan\Teaching\CS2113\_AY2526Sem1\ay2526s1-website\admin\tp-tasks-fragment.md
2025-11-06T15:11:59.127Z - info: Synchronizing opened pages list before reload
2025-11-06T15:11:59.132Z - info: Current opened pages, from most-to-least recent:
2025-11-06T15:11:59.134Z - info: 1. schedule/week12/project
2025-11-06T15:12:00.151Z - info: Rebuilding 1 pages
2025-11-06T15:12:05.542Z - info: Site data built
2025-11-06T15:12:05.543Z - info: Pages rebuilt
2025-11-06T15:12:05.543Z - info: Website regeneration complete! Total build time: 5.394s
2025-11-06T15:14:28.418Z - info: Website generation started at 11:13:36 pm
2025-11-06T15:14:36.148Z - info: Building assets...
