2025-10-26T16:06:20.691Z - info: Building D:\AkshayNarayan\Teaching\CS2113\_AY2526Sem1\ay2526s1-website\admin\tp-pe as some of its dependencies were changed since the last visit
2025-10-26T16:06:22.247Z - info: Site data built
2025-10-26T16:06:22.247Z - info: Lazy website regeneration complete! Total build time: 1.558s
2025-10-26T16:07:37.566Z - info: [12:07:37 am] Reload for file change: D:\AkshayNarayan\Teaching\CS2113\_AY2526Sem1\ay2526s1-website\admin\tp-pe-fragment.md
2025-10-26T16:07:37.566Z - info: Synchronizing opened pages list before reload
2025-10-26T16:07:37.567Z - info: Current opened pages, from most-to-least recent:
2025-10-26T16:07:37.567Z - info: 1. admin/tp-pe
2025-10-26T16:07:38.587Z - info: Rebuilding 1 pages
2025-10-26T16:07:40.734Z - info: Site data built
2025-10-26T16:07:40.734Z - info: Pages rebuilt
2025-10-26T16:07:40.735Z - info: Website regeneration complete! Total build time: 2.149s
2025-10-26T16:10:29.583Z - info: [12:10:29 am] Reload for file change: D:\AkshayNarayan\Teaching\CS2113\_AY2526Sem1\ay2526s1-website\admin\tp-pe-bug-triaging-guidelines-fragment.md
2025-10-26T16:10:29.584Z - info: Synchronizing opened pages list before reload
2025-10-26T16:10:29.584Z - info: Current opened pages, from most-to-least recent:
2025-10-26T16:10:29.585Z - info: 1. admin/tp-pe
2025-10-26T16:10:30.607Z - info: Rebuilding 1 pages
2025-10-26T16:10:32.197Z - info: Site data built
2025-10-26T16:10:32.197Z - info: Pages rebuilt
2025-10-26T16:10:32.197Z - info: Website regeneration complete! Total build time: 1.593s
2025-10-26T16:54:17.720Z - info: [12:54:17 am] Reload for file change: D:\AkshayNarayan\Teaching\CS2113\_AY2526Sem1\ay2526s1-website\admin\tp-pe-bug-triaging-guidelines-fragment.md
2025-10-26T16:54:17.723Z - info: Synchronizing opened pages list before reload
2025-10-26T16:54:17.724Z - info: Current opened pages, from most-to-least recent:
2025-10-26T16:54:17.725Z - info: 1. admin/tp-pe
2025-10-26T16:54:18.752Z - info: Rebuilding 1 pages
2025-10-26T16:54:20.240Z - info: Site data built
2025-10-26T16:54:20.241Z - info: Pages rebuilt
2025-10-26T16:54:20.241Z - info: Website regeneration complete! Total build time: 1.494s
2025-10-26T17:10:10.070Z - info: [1:10:10 am] Reload for file change: D:\AkshayNarayan\Teaching\CS2113\_AY2526Sem1\ay2526s1-website\admin\tp-pe-bug-triaging-guidelines-fragment.md
2025-10-26T17:10:10.084Z - info: Synchronizing opened pages list before reload
2025-10-26T17:10:10.093Z - info: Current opened pages, from most-to-least recent:
2025-10-26T17:10:10.093Z - info: 1. admin/tp-pe
2025-10-26T17:10:11.138Z - info: Rebuilding 1 pages
2025-10-26T17:10:12.893Z - info: Site data built
2025-10-26T17:10:12.894Z - info: Pages rebuilt
2025-10-26T17:10:12.894Z - info: Website regeneration complete! Total build time: 1.765s
2025-10-26T17:12:56.664Z - info: [1:12:56 am] Reload for file change: D:\AkshayNarayan\Teaching\CS2113\_AY2526Sem1\ay2526s1-website\admin\tp-pe-fragment.md
2025-10-26T17:12:56.664Z - info: Synchronizing opened pages list before reload
2025-10-26T17:12:56.665Z - info: Current opened pages, from most-to-least recent:
2025-10-26T17:12:56.665Z - info: 1. admin/tp-pe
2025-10-26T17:12:57.673Z - info: Rebuilding 1 pages
2025-10-26T17:12:59.019Z - info: Site data built
2025-10-26T17:12:59.020Z - info: Pages rebuilt
2025-10-26T17:12:59.021Z - info: Website regeneration complete! Total build time: 1.349s
2025-10-26T17:14:44.942Z - info: [1:14:44 am] Reload for file change: D:\AkshayNarayan\Teaching\CS2113\_AY2526Sem1\ay2526s1-website\admin\tp-pe-fragment.md
2025-10-26T17:14:44.943Z - info: Synchronizing opened pages list before reload
2025-10-26T17:14:44.943Z - info: Current opened pages, from most-to-least recent:
2025-10-26T17:14:44.943Z - info: 1. admin/tp-pe
2025-10-26T17:14:45.950Z - info: Rebuilding 1 pages
2025-10-26T17:14:47.262Z - info: Site data built
2025-10-26T17:14:47.262Z - info: Pages rebuilt
2025-10-26T17:14:47.263Z - info: Website regeneration complete! Total build time: 1.313s
2025-10-26T17:15:04.406Z - info: [1:15:04 am] Reload for file change: D:\AkshayNarayan\Teaching\CS2113\_AY2526Sem1\ay2526s1-website\admin\tp-pe-fragment.md
2025-10-26T17:15:04.407Z - info: Synchronizing opened pages list before reload
2025-10-26T17:15:04.407Z - info: Current opened pages, from most-to-least recent:
2025-10-26T17:15:04.407Z - info: 1. admin/tp-pe
2025-10-26T17:15:05.424Z - info: Rebuilding 1 pages
2025-10-26T17:15:06.714Z - info: Site data built
2025-10-26T17:15:06.715Z - info: Pages rebuilt
2025-10-26T17:15:06.715Z - info: Website regeneration complete! Total build time: 1.293s
2025-10-26T17:15:12.572Z - info: [1:15:12 am] Reload for file change: D:\AkshayNarayan\Teaching\CS2113\_AY2526Sem1\ay2526s1-website\admin\tp-pe-fragment.md
2025-10-26T17:15:12.573Z - info: Synchronizing opened pages list before reload
2025-10-26T17:15:12.573Z - info: Current opened pages, from most-to-least recent:
2025-10-26T17:15:12.573Z - info: 1. admin/tp-pe
2025-10-26T17:15:13.583Z - info: Rebuilding 1 pages
2025-10-26T17:15:15.185Z - info: [1:15:15 am] Reload for file change: D:\AkshayNarayan\Teaching\CS2113\_AY2526Sem1\ay2526s1-website\admin\tp-pe-fragment.md
2025-10-26T17:15:15.186Z - info: Synchronizing opened pages list before reload
2025-10-26T17:15:15.186Z - info: Current opened pages, from most-to-least recent:
2025-10-26T17:15:15.188Z - info: 1. admin/tp-pe
2025-10-26T17:15:15.315Z - info: Site data built
2025-10-26T17:15:15.315Z - info: Pages rebuilt
2025-10-26T17:15:15.315Z - info: Website regeneration complete! Total build time: 1.734s
2025-10-26T17:15:16.201Z - info: Rebuilding 1 pages
2025-10-26T17:15:17.637Z - info: Site data built
2025-10-26T17:15:17.637Z - info: Pages rebuilt
2025-10-26T17:15:17.637Z - info: Website regeneration complete! Total build time: 1.436s
2025-10-26T17:17:33.524Z - info: [1:17:33 am] Reload for file change: D:\AkshayNarayan\Teaching\CS2113\_AY2526Sem1\ay2526s1-website\admin\tp-pe-fragment.md
2025-10-26T17:17:33.525Z - info: Synchronizing opened pages list before reload
2025-10-26T17:17:33.525Z - info: Current opened pages, from most-to-least recent:
2025-10-26T17:17:33.525Z - info: 1. admin/tp-pe
2025-10-26T17:17:34.533Z - info: Rebuilding 1 pages
2025-10-26T17:17:35.943Z - info: Site data built
2025-10-26T17:17:35.943Z - info: Pages rebuilt
2025-10-26T17:17:35.944Z - info: Website regeneration complete! Total build time: 1.411s
2025-10-26T17:17:50.274Z - info: [1:17:50 am] Reload for file change: D:\AkshayNarayan\Teaching\CS2113\_AY2526Sem1\ay2526s1-website\admin\tp-pe-bug-triaging-guidelines-fragment.md
2025-10-26T17:17:50.275Z - info: Synchronizing opened pages list before reload
2025-10-26T17:17:50.275Z - info: Current opened pages, from most-to-least recent:
2025-10-26T17:17:50.276Z - info: 1. admin/tp-pe
2025-10-26T17:17:51.280Z - info: Rebuilding 1 pages
2025-10-26T17:17:52.377Z - info: Site data built
2025-10-26T17:17:52.378Z - info: Pages rebuilt
2025-10-26T17:17:52.378Z - info: Website regeneration complete! Total build time: 1.1s
2025-10-26T17:18:40.436Z - info: [1:18:40 am] Reload for file change: D:\AkshayNarayan\Teaching\CS2113\_AY2526Sem1\ay2526s1-website\admin\tp-pe-fragment.md
2025-10-26T17:18:40.436Z - info: Synchronizing opened pages list before reload
2025-10-26T17:18:40.437Z - info: Current opened pages, from most-to-least recent:
2025-10-26T17:18:40.437Z - info: 1. admin/tp-pe
2025-10-26T17:18:41.445Z - info: Rebuilding 1 pages
2025-10-26T17:18:42.903Z - info: Site data built
2025-10-26T17:18:42.903Z - info: Pages rebuilt
2025-10-26T17:18:42.904Z - info: Website regeneration complete! Total build time: 1.459s
2025-10-27T02:04:07.764Z - info: Building D:\AkshayNarayan\Teaching\CS2113\_AY2526Sem1\ay2526s1-website\admin\tp-ped as some of its dependencies were changed since the last visit
2025-10-27T02:04:09.413Z - info: Site data built
2025-10-27T02:04:09.414Z - info: Lazy website regeneration complete! Total build time: 1.655s
2025-10-27T02:10:37.196Z - info: [10:10:37 am] Reload for file change: D:\AkshayNarayan\Teaching\CS2113\_AY2526Sem1\ay2526s1-website\admin\tp-ped-fragment.md
2025-10-27T02:10:37.197Z - info: Synchronizing opened pages list before reload
2025-10-27T02:10:37.198Z - info: Current opened pages, from most-to-least recent:
2025-10-27T02:10:37.199Z - info: 1. admin/tp-ped
2025-10-27T02:10:38.224Z - info: Rebuilding 1 pages
2025-10-27T02:10:39.876Z - info: Site data built
2025-10-27T02:10:39.876Z - info: Pages rebuilt
2025-10-27T02:10:39.877Z - info: Website regeneration complete! Total build time: 1.655s
2025-10-27T02:11:08.812Z - info: [10:11:08 am] Reload for file change: D:\AkshayNarayan\Teaching\CS2113\_AY2526Sem1\ay2526s1-website\admin\tp-ped-fragment.md
2025-10-27T02:11:08.813Z - info: Synchronizing opened pages list before reload
2025-10-27T02:11:08.813Z - info: Current opened pages, from most-to-least recent:
2025-10-27T02:11:08.813Z - info: 1. admin/tp-ped
2025-10-27T02:11:09.839Z - info: Rebuilding 1 pages
2025-10-27T02:11:09.960Z - error:  Template render error: (D:\AkshayNarayan\Teaching\CS2113\_AY2526Sem1\ay2526s1-website\admin\tp-ped-fragment.md) [Line 133, Column 4]
  unknown block tag: endif
    at Object._prettifyError (C:\Users\dcsaksh\AppData\Roaming\npm\node_modules\markbind-cli\node_modules\nunjucks\src\lib.js:32:11)
    at Template.render (C:\Users\dcsaksh\AppData\Roaming\npm\node_modules\markbind-cli\node_modules\@markbind\core\src\patches\nunjucks\context-overrides-frame.js:358:19)
    at C:\Users\dcsaksh\AppData\Roaming\npm\node_modules\markbind-cli\node_modules\@markbind\core\src\patches\nunjucks\context-overrides-frame.js:54:25
    at createTemplate (C:\Users\dcsaksh\AppData\Roaming\npm\node_modules\markbind-cli\node_modules\@markbind\core\src\patches\nunjucks\load-event.js:121:7)
    at handle (C:\Users\dcsaksh\AppData\Roaming\npm\node_modules\markbind-cli\node_modules\@markbind\core\src\patches\nunjucks\load-event.js:133:9)
    at C:\Users\dcsaksh\AppData\Roaming\npm\node_modules\markbind-cli\node_modules\@markbind\core\src\patches\nunjucks\load-event.js:145:7
    at next (C:\Users\dcsaksh\AppData\Roaming\npm\node_modules\markbind-cli\node_modules\nunjucks\src\lib.js:258:7)
    at Object.asyncIter (C:\Users\dcsaksh\AppData\Roaming\npm\node_modules\markbind-cli\node_modules\nunjucks\src\lib.js:263:3)
    at Environment.getTemplate (C:\Users\dcsaksh\AppData\Roaming\npm\node_modules\markbind-cli\node_modules\@markbind\core\src\patches\nunjucks\load-event.js:127:7)
    at Environment.render (C:\Users\dcsaksh\AppData\Roaming\npm\node_modules\markbind-cli\node_modules\@markbind\core\src\patches\nunjucks\context-overrides-frame.js:48:8)
    at VariableRenderer.renderFile (C:\Users\dcsaksh\AppData\Roaming\npm\node_modules\markbind-cli\node_modules\@markbind\core\src\variables\VariableRenderer.js:73:24)
    at VariableProcessor.renderWithSiteVariables (C:\Users\dcsaksh\AppData\Roaming\npm\node_modules\markbind-cli\node_modules\@markbind\core\src\variables\VariableProcessor.js:154:57)
    at VariableProcessor.renderIncludeFile (C:\Users\dcsaksh\AppData\Roaming\npm\node_modules\markbind-cli\node_modules\@markbind\core\src\variables\VariableProcessor.js:231:38)
    at processInclude (C:\Users\dcsaksh\AppData\Roaming\npm\node_modules\markbind-cli\node_modules\@markbind\core\src\html\includePanelProcessor.js:198:68)
    at NodeProcessor.processNode (C:\Users\dcsaksh\AppData\Roaming\npm\node_modules\markbind-cli\node_modules\@markbind\core\src\html\NodeProcessor.js:173:71)
    at NodeProcessor.traverse (C:\Users\dcsaksh\AppData\Roaming\npm\node_modules\markbind-cli\node_modules\@markbind\core\src\html\NodeProcessor.js:345:24)
2025-10-27T02:11:10.190Z - info: Site data built
2025-10-27T02:11:10.190Z - info: Pages rebuilt
2025-10-27T02:11:10.190Z - info: Website regeneration complete! Total build time: 0.353s
2025-10-27T02:11:36.509Z - info: [10:11:36 am] Reload for file change: D:\AkshayNarayan\Teaching\CS2113\_AY2526Sem1\ay2526s1-website\admin\tp-ped-fragment.md
2025-10-27T02:11:36.509Z - info: Synchronizing opened pages list before reload
2025-10-27T02:11:36.509Z - info: Current opened pages, from most-to-least recent:
2025-10-27T02:11:36.510Z - info: 1. admin/tp-ped
2025-10-27T02:11:37.535Z - info: Rebuilding 1 pages
2025-10-27T02:11:41.383Z - info: Site data built
2025-10-27T02:11:41.383Z - info: Pages rebuilt
2025-10-27T02:11:41.384Z - info: Website regeneration complete! Total build time: 3.855s
2025-10-27T02:16:20.421Z - info: [10:16:20 am] Reload for file change: D:\AkshayNarayan\Teaching\CS2113\_AY2526Sem1\ay2526s1-website\admin\tp-ped-fragment.md
2025-10-27T02:16:20.422Z - info: Synchronizing opened pages list before reload
2025-10-27T02:16:20.422Z - info: Current opened pages, from most-to-least recent:
2025-10-27T02:16:20.423Z - info: 1. admin/tp-ped
2025-10-27T02:16:21.435Z - info: Rebuilding 1 pages
2025-10-27T02:16:24.618Z - info: Site data built
2025-10-27T02:16:24.619Z - info: Pages rebuilt
2025-10-27T02:16:24.619Z - info: Website regeneration complete! Total build time: 3.185s
2025-10-27T02:17:00.620Z - info: Building D:\AkshayNarayan\Teaching\CS2113\_AY2526Sem1\ay2526s1-website\admin\tp-pe as some of its dependencies were changed since the last visit
2025-10-27T02:17:03.715Z - info: Site data built
2025-10-27T02:17:03.717Z - info: Lazy website regeneration complete! Total build time: 3.096s
2025-10-27T02:20:25.893Z - info: [10:20:25 am] Reload for file change: D:\AkshayNarayan\Teaching\CS2113\_AY2526Sem1\ay2526s1-website\admin\tp-pe-fragment.md
2025-10-27T02:20:25.894Z - info: Synchronizing opened pages list before reload
2025-10-27T02:20:25.894Z - info: Current opened pages, from most-to-least recent:
2025-10-27T02:20:25.894Z - info: 1. admin/tp-pe
2025-10-27T02:20:26.907Z - info: Rebuilding 1 pages
2025-10-27T02:20:30.136Z - info: Site data built
2025-10-27T02:20:30.137Z - info: Pages rebuilt
2025-10-27T02:20:30.137Z - info: Website regeneration complete! Total build time: 3.232s
2025-10-27T02:20:52.518Z - info: [10:20:52 am] Reload for file change: D:\AkshayNarayan\Teaching\CS2113\_AY2526Sem1\ay2526s1-website\admin\tp-pe-fragment.md
2025-10-27T02:20:52.519Z - info: Synchronizing opened pages list before reload
2025-10-27T02:20:52.520Z - info: Current opened pages, from most-to-least recent:
2025-10-27T02:20:52.521Z - info: 1. admin/tp-pe
2025-10-27T02:20:53.542Z - info: Rebuilding 1 pages
2025-10-27T02:20:57.192Z - info: Site data built
2025-10-27T02:20:57.193Z - info: Pages rebuilt
2025-10-27T02:20:57.193Z - info: Website regeneration complete! Total build time: 3.653s
2025-10-27T02:22:17.210Z - info: Building D:\AkshayNarayan\Teaching\CS2113\_AY2526Sem1\ay2526s1-website\admin\tp-grading as some of its dependencies were changed since the last visit
2025-10-27T02:22:18.611Z - info: Site data built
2025-10-27T02:22:18.612Z - info: Lazy website regeneration complete! Total build time: 1.403s
2025-10-27T02:24:38.289Z - info: [10:24:38 am] Reload for file change: D:\AkshayNarayan\Teaching\CS2113\_AY2526Sem1\ay2526s1-website\admin\tp-pe-fragment.md
2025-10-27T02:24:38.290Z - info: Synchronizing opened pages list before reload
2025-10-27T02:24:38.291Z - info: Current opened pages, from most-to-least recent:
2025-10-27T02:24:38.292Z - info: 1. admin/tp-pe
2025-10-27T02:24:39.313Z - info: Rebuilding 1 pages
2025-10-27T02:24:41.993Z - info: Site data built
2025-10-27T02:24:41.994Z - info: Pages rebuilt
2025-10-27T02:24:41.994Z - info: Website regeneration complete! Total build time: 2.682s
2025-10-27T02:26:01.008Z - info: [10:26:01 am] Reload for file change: D:\AkshayNarayan\Teaching\CS2113\_AY2526Sem1\ay2526s1-website\admin\tp-pe-bug-triaging-guidelines-fragment.md
2025-10-27T02:26:01.009Z - info: Synchronizing opened pages list before reload
2025-10-27T02:26:01.010Z - info: Current opened pages, from most-to-least recent:
2025-10-27T02:26:01.010Z - info: 1. admin/tp-pe
2025-10-27T02:26:02.019Z - info: Rebuilding 1 pages
2025-10-27T02:26:06.557Z - info: Site data built
2025-10-27T02:26:06.558Z - info: Pages rebuilt
2025-10-27T02:26:06.559Z - info: Website regeneration complete! Total build time: 4.54s
2025-10-27T02:36:54.994Z - info: [10:36:54 am] Reload for file add: D:\AkshayNarayan\Teaching\CS2113\_AY2526Sem1\ay2526s1-website\files\JohnDoe.zip
2025-10-27T02:36:54.994Z - info: Synchronizing opened pages list before reload
2025-10-27T02:36:54.995Z - info: Current opened pages, from most-to-least recent:
2025-10-27T02:36:54.995Z - info: 1. admin/tp-pe
2025-10-27T02:37:01.117Z - info: [10:37:01 am] Reload for file change: D:\AkshayNarayan\Teaching\CS2113\_AY2526Sem1\ay2526s1-website\files\JohnDoe.zip
2025-10-27T02:37:01.118Z - info: Synchronizing opened pages list before reload
2025-10-27T02:37:01.118Z - info: Current opened pages, from most-to-least recent:
2025-10-27T02:37:01.118Z - info: 1. admin/tp-pe
2025-10-27T02:37:02.746Z - info: Assets built
2025-10-27T02:37:02.804Z - info: Assets built
2025-10-27T02:42:37.518Z - info: [10:42:37 am] Reload for file change: D:\AkshayNarayan\Teaching\CS2113\_AY2526Sem1\ay2526s1-website\admin\tp-ped-fragment.md
2025-10-27T02:42:37.519Z - info: Synchronizing opened pages list before reload
2025-10-27T02:42:37.520Z - info: Current opened pages, from most-to-least recent:
2025-10-27T02:42:37.520Z - info: 1. admin/tp-pe
2025-10-27T02:42:38.534Z - info: Rebuilding 1 pages
2025-10-27T02:42:41.980Z - info: Site data built
2025-10-27T02:42:41.981Z - info: Pages rebuilt
2025-10-27T02:42:41.981Z - info: Website regeneration complete! Total build time: 3.448s
2025-10-27T02:43:39.437Z - info: Building D:\AkshayNarayan\Teaching\CS2113\_AY2526Sem1\ay2526s1-website\admin\tp-ped as some of its dependencies were changed since the last visit
2025-10-27T02:43:42.983Z - info: Site data built
2025-10-27T02:43:42.984Z - info: Lazy website regeneration complete! Total build time: 3.547s
2025-10-27T02:45:26.200Z - info: [10:45:26 am] Reload for file change: D:\AkshayNarayan\Teaching\CS2113\_AY2526Sem1\ay2526s1-website\admin\tp-ped-fragment.md
2025-10-27T02:45:26.201Z - info: Synchronizing opened pages list before reload
2025-10-27T02:45:26.201Z - info: Current opened pages, from most-to-least recent:
2025-10-27T02:45:26.202Z - info: 1. admin/tp-pe
2025-10-27T02:45:27.221Z - info: Rebuilding 1 pages
2025-10-27T02:45:30.559Z - info: Site data built
2025-10-27T02:45:30.560Z - info: Pages rebuilt
2025-10-27T02:45:30.561Z - info: Website regeneration complete! Total build time: 3.34s
2025-10-27T02:47:39.607Z - info: [10:47:39 am] Reload for file change: D:\AkshayNarayan\Teaching\CS2113\_AY2526Sem1\ay2526s1-website\admin\tp-pe-fragment.md
2025-10-27T02:47:39.608Z - info: Synchronizing opened pages list before reload
2025-10-27T02:47:39.609Z - info: Current opened pages, from most-to-least recent:
2025-10-27T02:47:39.609Z - info: 1. admin/tp-pe
2025-10-27T02:47:40.635Z - info: Rebuilding 1 pages
2025-10-27T02:47:45.758Z - info: Site data built
2025-10-27T02:47:45.759Z - info: Pages rebuilt
2025-10-27T02:47:45.760Z - info: Website regeneration complete! Total build time: 5.129s
2025-10-27T02:50:18.102Z - info: [10:50:18 am] Reload for file change: D:\AkshayNarayan\Teaching\CS2113\_AY2526Sem1\ay2526s1-website\admin\tp-pe-fragment.md
2025-10-27T02:50:18.103Z - info: Synchronizing opened pages list before reload
2025-10-27T02:50:18.104Z - info: Current opened pages, from most-to-least recent:
2025-10-27T02:50:18.104Z - info: 1. admin/tp-pe
2025-10-27T02:50:19.110Z - info: Rebuilding 1 pages
2025-10-27T02:50:22.391Z - info: Site data built
2025-10-27T02:50:22.392Z - info: Pages rebuilt
2025-10-27T02:50:22.393Z - info: Website regeneration complete! Total build time: 3.283s
2025-10-27T02:56:48.023Z - info: [10:56:48 am] Reload for file change: D:\AkshayNarayan\Teaching\CS2113\_AY2526Sem1\ay2526s1-website\admin\tp-pe-fragment.md
2025-10-27T02:56:48.024Z - info: Synchronizing opened pages list before reload
2025-10-27T02:56:48.024Z - info: Current opened pages, from most-to-least recent:
2025-10-27T02:56:48.024Z - info: 1. admin/tp-pe
2025-10-27T02:56:49.040Z - info: Rebuilding 1 pages
2025-10-27T02:56:52.119Z - info: Site data built
2025-10-27T02:56:52.120Z - info: Pages rebuilt
2025-10-27T02:56:52.121Z - info: Website regeneration complete! Total build time: 3.081s
2025-10-27T03:37:22.960Z - info: Website generation started at 11:36:30 am
2025-10-27T03:37:37.547Z - info: Building assets...
2025-10-27T03:37:47.436Z - info: Assets built
2025-10-27T03:37:47.437Z - info: Generating pages...
2025-10-27T03:38:24.864Z - debug:  
2025-10-27T03:38:24.865Z - debug:  
2025-10-27T03:38:31.788Z - debug:  
2025-10-27T03:38:31.789Z - debug:  
2025-10-27T03:38:31.789Z - debug:  
2025-10-27T03:38:31.789Z - debug:  
2025-10-27T03:38:31.790Z - debug:  
2025-10-27T03:38:31.790Z - debug:  
2025-10-27T03:38:31.790Z - debug:  
2025-10-27T03:38:31.790Z - debug:  
2025-10-27T03:38:39.461Z - debug:  
2025-10-27T03:38:39.461Z - debug:  
2025-10-27T03:38:39.461Z - debug:  
2025-10-27T03:38:39.462Z - debug:  
2025-10-27T03:38:39.670Z - debug:  
2025-10-27T03:38:39.670Z - debug:  
2025-10-27T03:38:40.236Z - debug:  
2025-10-27T03:39:35.263Z - debug:  
2025-10-27T03:39:59.161Z - warn: Empty reference in D:\AkshayNarayan\Teaching\CS2113\_AY2526Sem1\ay2526s1-website\book\gitAndGithub\log\unit-inElsewhere-asFlat.md:
Segment '#title' in file: D:\AkshayNarayan\Teaching\CS2113\_AY2526Sem1\ay2526s1-website\book\gitAndGithub\log\text.md is empty
2025-10-27T03:44:22.954Z - debug:  
2025-10-27T03:45:07.705Z - debug:  
2025-10-27T03:45:07.782Z - debug:  
2025-10-27T03:45:37.196Z - info: Pages built
2025-10-27T03:45:39.279Z - info: Site data built
2025-10-27T03:45:39.279Z - info: Website generation complete! Total build time: 548.484s
2025-10-27T03:45:39.280Z - info: Build success!
2025-10-27T03:51:13.116Z - info: The website has been deployed at: https://nus-cs2113-ay2526s1.github.io/website
