2025-08-15T04:34:26.074Z - info: Website generation (lazy) started at 12:34:25 pm
2025-08-15T04:34:33.327Z - info: Building assets...
2025-08-15T04:34:39.787Z - info: Assets built
2025-08-15T04:34:39.789Z - info: Generating landing page...
2025-08-15T04:34:40.970Z - info: Landing page built, other pages will be built as you navigate to them!
2025-08-15T04:34:42.486Z - info: Site data built
2025-08-15T04:34:42.492Z - info: Website generation (lazy) complete! Total build time: 16.499s
2025-08-15T04:34:42.565Z - info: Serving "D:\Teaching\CS2113\_AY2526S1\ay2526s1-website\_site" at http://127.0.0.1:8080
2025-08-15T04:34:42.566Z - info: Press CTRL+C to stop ...
2025-08-15T04:35:10.318Z - info: Building D:\Teaching\CS2113\_AY2526S1\ay2526s1-website\schedule\week1\admin as some of its dependencies were changed since the last visit
2025-08-15T04:35:13.601Z - debug:  
2025-08-15T04:35:13.759Z - info: Site data built
2025-08-15T04:35:13.760Z - info: Lazy website regeneration complete! Total build time: 3.447s
2025-08-15T04:35:19.248Z - info: Building D:\Teaching\CS2113\_AY2526S1\ay2526s1-website\schedule\week1\topics as some of its dependencies were changed since the last visit
2025-08-15T04:35:19.527Z - info: Site data built
2025-08-15T04:35:19.527Z - info: Lazy website regeneration complete! Total build time: 0.28s
2025-08-15T04:35:25.137Z - info: Building D:\Teaching\CS2113\_AY2526S1\ay2526s1-website\schedule\week1\tutorial as some of its dependencies were changed since the last visit
2025-08-15T04:35:25.390Z - info: Site data built
2025-08-15T04:35:25.390Z - info: Lazy website regeneration complete! Total build time: 0.257s
2025-08-15T04:35:31.623Z - info: Building D:\Teaching\CS2113\_AY2526S1\ay2526s1-website\admin\tutorials as some of its dependencies were changed since the last visit
2025-08-15T04:35:34.204Z - info: Site data built
2025-08-15T04:35:34.211Z - info: Lazy website regeneration complete! Total build time: 2.582s
2025-08-15T04:35:49.779Z - info: [12:35:49 pm] Reload for file change: D:\Teaching\CS2113\_AY2526S1\ay2526s1-website\_course-CS2113\timetables-fragment.md
2025-08-15T04:35:49.780Z - info: Synchronizing opened pages list before reload
2025-08-15T04:35:49.781Z - info: Current opened pages, from most-to-least recent:
2025-08-15T04:35:49.781Z - info: 1. admin/tutorials
2025-08-15T04:35:50.832Z - info: Rebuilding 1 pages
2025-08-15T04:35:52.436Z - info: Site data built
2025-08-15T04:35:52.436Z - info: Pages rebuilt
2025-08-15T04:35:52.437Z - info: Website regeneration complete! Total build time: 1.636s
2025-08-15T04:36:04.081Z - info: Building D:\Teaching\CS2113\_AY2526S1\ay2526s1-website\admin\lectures as some of its dependencies were changed since the last visit
2025-08-15T04:36:04.269Z - info: Site data built
2025-08-15T04:36:04.271Z - info: Lazy website regeneration complete! Total build time: 0.19s
2025-08-15T04:36:43.999Z - info: Building D:\Teaching\CS2113\_AY2526S1\ay2526s1-website\admin\instructors as some of its dependencies were changed since the last visit
2025-08-15T04:36:44.452Z - info: Site data built
2025-08-15T04:36:44.452Z - info: Lazy website regeneration complete! Total build time: 0.454s
2025-08-15T04:37:29.095Z - info: Website generation started at 12:37:19 pm
2025-08-15T04:37:39.332Z - info: Building assets...
2025-08-15T04:37:48.478Z - info: Assets built
2025-08-15T04:37:48.479Z - info: Generating pages...
2025-08-15T04:38:10.231Z - debug:  
2025-08-15T04:38:10.236Z - debug:  
2025-08-15T04:38:10.571Z - debug:  
2025-08-15T04:38:10.572Z - debug:  
2025-08-15T04:38:10.572Z - debug:  
2025-08-15T04:38:10.572Z - debug:  
2025-08-15T04:38:16.031Z - debug:  
2025-08-15T04:38:16.032Z - debug:  
2025-08-15T04:38:16.032Z - debug:  
2025-08-15T04:38:16.039Z - debug:  
2025-08-15T04:38:26.345Z - debug:  
2025-08-15T04:38:26.647Z - debug:  
2025-08-15T04:38:26.647Z - debug:  
2025-08-15T04:38:26.647Z - debug:  
2025-08-15T04:38:26.657Z - debug:  
2025-08-15T04:38:26.658Z - debug:  
2025-08-15T04:38:26.670Z - debug:  
2025-08-15T04:39:14.737Z - debug:  
2025-08-15T04:39:32.483Z - warn: Empty reference in D:\Teaching\CS2113\_AY2526S1\ay2526s1-website\book\gitAndGithub\log\unit-inElsewhere-asFlat.md:
Segment '#title' in file: D:\Teaching\CS2113\_AY2526S1\ay2526s1-website\book\gitAndGithub\log\text.md is empty
2025-08-15T04:42:34.440Z - debug:  
2025-08-15T04:43:20.045Z - debug:  
2025-08-15T04:43:20.046Z - debug:  
2025-08-15T04:44:23.191Z - info: Pages built
2025-08-15T04:44:26.229Z - info: Site data built
2025-08-15T04:44:26.231Z - info: Website generation complete! Total build time: 426.835s
2025-08-15T04:44:26.231Z - info: Build success!
2025-08-15T04:52:09.442Z - info: The website has been deployed at: https://nus-cs2113-ay2526s1.github.io/website
