2025-10-31T10:40:55.986Z - info: Website generation (lazy) started at 6:40:45 pm
2025-10-31T10:41:06.823Z - warn: ENOENT: no such file or directory, open 'D:\Teaching\CS2113\_AY2526S1\ay2526s1-website\cache\gh-pages\https!github.com!nus-cs2113-AY2526S1!website.git\book\_markbind\variables.md'
2025-10-31T10:41:06.824Z - warn: ENOENT: no such file or directory, open 'D:\Teaching\CS2113\_AY2526S1\ay2526s1-website\cache\gh-pages\https!github.com!nus-cs2113-AY2526S1!website.git\_markbind\variables.md'
2025-10-31T10:41:06.891Z - info: Building assets...
2025-10-31T10:42:11.153Z - info: Assets built
2025-10-31T10:42:11.155Z - info: Generating landing page...
2025-10-31T10:42:13.563Z - info: Landing page built, other pages will be built as you navigate to them!
2025-10-31T10:42:14.888Z - info: Site data built
2025-10-31T10:42:14.888Z - info: Website generation (lazy) complete! Total build time: 89.856s
2025-10-31T10:42:15.530Z - info: Serving "D:\Teaching\CS2113\_AY2526S1\ay2526s1-website\_site" at http://127.0.0.1:8080
2025-10-31T10:42:15.531Z - info: Press CTRL+C to stop ...
2025-10-31T10:42:55.172Z - info: Building D:\Teaching\CS2113\_AY2526S1\ay2526s1-website\schedule\week12\project as some of its dependencies were changed since the last visit
2025-10-31T10:43:00.598Z - info: Site data built
2025-10-31T10:43:00.599Z - info: Lazy website regeneration complete! Total build time: 5.429s
2025-10-31T10:43:18.788Z - info: [6:43:18 pm] Reload for file change: D:\Teaching\CS2113\_AY2526S1\ay2526s1-website\_course-CS2113\weeklyTpTasks-fragment.md
2025-10-31T10:43:18.789Z - info: Synchronizing opened pages list before reload
2025-10-31T10:43:18.790Z - info: Current opened pages, from most-to-least recent:
2025-10-31T10:43:18.790Z - info: 1. schedule/week12/project
2025-10-31T10:43:20.209Z - info: Rebuilding 1 pages
2025-10-31T10:43:24.975Z - info: Site data built
2025-10-31T10:43:24.976Z - info: Pages rebuilt
2025-10-31T10:43:24.976Z - info: Website regeneration complete! Total build time: 4.768s
2025-10-31T10:44:01.702Z - info: [6:44:01 pm] Reload for file change: D:\Teaching\CS2113\_AY2526S1\ay2526s1-website\_course-CS2113\weeklyTpTasks-fragment.md
2025-10-31T10:44:01.703Z - info: Synchronizing opened pages list before reload
2025-10-31T10:44:01.704Z - info: Current opened pages, from most-to-least recent:
2025-10-31T10:44:01.704Z - info: 1. schedule/week12/project
2025-10-31T10:44:03.245Z - info: Rebuilding 1 pages
2025-10-31T10:44:08.094Z - info: Site data built
2025-10-31T10:44:08.095Z - info: Pages rebuilt
2025-10-31T10:44:08.096Z - info: Website regeneration complete! Total build time: 4.852s
2025-10-31T10:45:00.840Z - info: [6:45:00 pm] Reload for file change: D:\Teaching\CS2113\_AY2526S1\ay2526s1-website\_course-CS2113\weeklyTpTasks-fragment.md
2025-10-31T10:45:00.841Z - info: Synchronizing opened pages list before reload
2025-10-31T10:45:00.842Z - info: Current opened pages, from most-to-least recent:
2025-10-31T10:45:00.844Z - info: 1. schedule/week12/project
2025-10-31T10:45:02.437Z - info: Rebuilding 1 pages
2025-10-31T10:45:03.360Z - error: No such segment '#heading_desc_attend_the_makeup_PE' in file: D:\Teaching\CS2113\_AY2526S1\ay2526s1-website\admin\tp-tasks-fragment.md
Missing reference in D:\Teaching\CS2113\_AY2526S1\ay2526s1-website\admin\tp-w12.md
2025-10-31T10:45:06.436Z - error: No such segment '#heading_desc_attend_the_makeup_PE' in file: D:\Teaching\CS2113\_AY2526S1\ay2526s1-website\admin\tp-tasks-fragment.md
Missing reference in D:\Teaching\CS2113\_AY2526S1\ay2526s1-website\admin\tp-w12.md
2025-10-31T10:45:06.497Z - error: No such segment '#desc_desc_attend_the_makeup_PE' in file: D:\Teaching\CS2113\_AY2526S1\ay2526s1-website\admin\tp-tasks-fragment.md
Missing reference in D:\Teaching\CS2113\_AY2526S1\ay2526s1-website\admin\tp-w12.md
2025-10-31T10:45:07.550Z - info: Site data built
2025-10-31T10:45:07.550Z - info: Pages rebuilt
2025-10-31T10:45:07.551Z - info: Website regeneration complete! Total build time: 5.115s
2025-10-31T10:45:52.807Z - info: [6:45:52 pm] Reload for file change: D:\Teaching\CS2113\_AY2526S1\ay2526s1-website\_course-CS2113\weeklyTpTasks-fragment.md
2025-10-31T10:45:52.808Z - info: Synchronizing opened pages list before reload
2025-10-31T10:45:52.808Z - info: Current opened pages, from most-to-least recent:
2025-10-31T10:45:52.809Z - info: 1. schedule/week12/project
2025-10-31T10:45:54.180Z - warn:  Template render error: (D:\Teaching\CS2113\_AY2526S1\ay2526s1-website\_markbind\layouts\schedule-layout.md)
  Template render error: (D:\Teaching\CS2113\_AY2526S1\ay2526s1-website\_markbind\layouts\schedule-layout.md)
  Template render error: (D:\Teaching\CS2113\_AY2526S1\ay2526s1-website\_markbind\layouts\css.md)
  Template render error: (D:\Teaching\CS2113\_AY2526S1\ay2526s1-website\_markbind\layouts\schedule-layout.md)
  Template render error: (D:\Teaching\CS2113\_AY2526S1\ay2526s1-website\_markbind\layouts\header.md)
  Template render error: (D:\Teaching\CS2113\_AY2526S1\ay2526s1-website\_markbind\layouts\schedule-layout.md)
  Template render error: (D:\Teaching\CS2113\_AY2526S1\ay2526s1-website\_markbind\layouts\header.md)
  Template render error: (D:\Teaching\CS2113\_AY2526S1\ay2526s1-website\_markbind\layouts\schedule-layout.md)
  Template render error: (D:\Teaching\CS2113\_AY2526S1\ay2526s1-website\_markbind\layouts\header.md)
  Template render error: (D:\Teaching\CS2113\_AY2526S1\ay2526s1-website\_markbind\layouts\schedule-layout.md)
  Template render error: (D:\Teaching\CS2113\_AY2526S1\ay2526s1-website\_markbind\layouts\header.md)
  Template render error: (D:\Teaching\CS2113\_AY2526S1\ay2526s1-website\_markbind\layouts\schedule-layout.md)
  Template render error: (D:\Teaching\CS2113\_AY2526S1\ay2526s1-website\_markbind\layouts\header.md)
  Template render error: (D:\Teaching\CS2113\_AY2526S1\ay2526s1-website\_markbind\layouts\schedule-layout.md)
  Template render error: (D:\Teaching\CS2113\_AY2526S1\ay2526s1-website\_markbind\layouts\header.md)
  Template render error: (D:\Teaching\CS2113\_AY2526S1\ay2526s1-website\_markbind\layouts\schedule-layout.md)
  Template render error: (D:\Teaching\CS2113\_AY2526S1\ay2526s1-website\_markbind\layouts\header.md)
  Template render error: (D:\Teaching\CS2113\_AY2526S1\ay2526s1-website\_markbind\layouts\schedule-layout.md)
  Template render error: (D:\Teaching\CS2113\_AY2526S1\ay2526s1-website\_markbind\layouts\header.md)
  Template render error: (D:\Teaching\CS2113\_AY2526S1\ay2526s1-website\_markbind\layouts\schedule-layout.md)
  Template render error: (D:\Teaching\CS2113\_AY2526S1\ay2526s1-website\_markbind\layouts\header.md)
  Template render error: (D:\Teaching\CS2113\_AY2526S1\ay2526s1-website\_markbind\layouts\schedule-layout.md)
  Template render error: (D:\Teaching\CS2113\_AY2526S1\ay2526s1-website\_markbind\layouts\header.md) [Line 58, Column 32]
  unexpected token: }
    at Object._prettifyError (C:\Users\dcsaksh\AppData\Roaming\npm\node_modules\markbind-cli\node_modules\nunjucks\src\lib.js:32:11)
    at C:\Users\dcsaksh\AppData\Roaming\npm\node_modules\markbind-cli\node_modules\@markbind\core\src\patches\nunjucks\context-overrides-frame.js:383:17
    at Template.root [as rootRenderFunc] (eval at _compile (C:\Users\dcsaksh\AppData\Roaming\npm\node_modules\markbind-cli\node_modules\nunjucks\src\environment.js:527:18), <anonymous>:96:3)
    at Template.render (C:\Users\dcsaksh\AppData\Roaming\npm\node_modules\markbind-cli\node_modules\@markbind\core\src\patches\nunjucks\context-overrides-frame.js:372:8)
    at C:\Users\dcsaksh\AppData\Roaming\npm\node_modules\markbind-cli\node_modules\@markbind\core\src\patches\nunjucks\context-overrides-frame.js:54:25
    at createTemplate (C:\Users\dcsaksh\AppData\Roaming\npm\node_modules\markbind-cli\node_modules\@markbind\core\src\patches\nunjucks\load-event.js:121:7)
    at handle (C:\Users\dcsaksh\AppData\Roaming\npm\node_modules\markbind-cli\node_modules\@markbind\core\src\patches\nunjucks\load-event.js:133:9)
    at C:\Users\dcsaksh\AppData\Roaming\npm\node_modules\markbind-cli\node_modules\@markbind\core\src\patches\nunjucks\load-event.js:145:7
    at next (C:\Users\dcsaksh\AppData\Roaming\npm\node_modules\markbind-cli\node_modules\nunjucks\src\lib.js:258:7)
    at Object.asyncIter (C:\Users\dcsaksh\AppData\Roaming\npm\node_modules\markbind-cli\node_modules\nunjucks\src\lib.js:263:3)
    at Environment.getTemplate (C:\Users\dcsaksh\AppData\Roaming\npm\node_modules\markbind-cli\node_modules\@markbind\core\src\patches\nunjucks\load-event.js:127:7)
    at Environment.render (C:\Users\dcsaksh\AppData\Roaming\npm\node_modules\markbind-cli\node_modules\@markbind\core\src\patches\nunjucks\context-overrides-frame.js:48:8)
    at VariableRenderer.renderFile (C:\Users\dcsaksh\AppData\Roaming\npm\node_modules\markbind-cli\node_modules\@markbind\core\src\variables\VariableRenderer.js:73:24)
    at VariableProcessor.renderWithSiteVariables (C:\Users\dcsaksh\AppData\Roaming\npm\node_modules\markbind-cli\node_modules\@markbind\core\src\variables\VariableProcessor.js:154:57)
    at Layout.<anonymous> (C:\Users\dcsaksh\AppData\Roaming\npm\node_modules\markbind-cli\node_modules\@markbind\core\src\Layout\Layout.js:70:61)
    at Generator.next (<anonymous>)
2025-10-31T10:46:24.365Z - info: [6:46:24 pm] Reload for file change: D:\Teaching\CS2113\_AY2526S1\ay2526s1-website\_course-CS2113\weeklyTpTasks-fragment.md
2025-10-31T10:46:24.365Z - info: Synchronizing opened pages list before reload
2025-10-31T10:46:24.366Z - info: No pages are currently opened
2025-10-31T10:46:25.401Z - info: No pages needed to be rebuilt
2025-10-31T10:46:41.273Z - info: Building D:\Teaching\CS2113\_AY2526S1\ay2526s1-website\schedule\week12\project as some of its dependencies were changed since the last visit
2025-10-31T10:46:47.602Z - info: Site data built
2025-10-31T10:46:47.603Z - info: Lazy website regeneration complete! Total build time: 6.344s
2025-10-31T10:46:48.025Z - info: Building D:\Teaching\CS2113\_AY2526S1\ay2526s1-website\schedule\week12\project as some of its dependencies were changed since the last visit
2025-10-31T10:46:54.341Z - info: Site data built
2025-10-31T10:46:54.342Z - info: Lazy website regeneration complete! Total build time: 6.318s
2025-10-31T10:47:07.859Z - info: [6:47:07 pm] Reload for file change: D:\Teaching\CS2113\_AY2526S1\ay2526s1-website\_course-CS2113\weeklyTpTasks-fragment.md
2025-10-31T10:47:07.859Z - info: Synchronizing opened pages list before reload
2025-10-31T10:47:07.860Z - info: No pages are currently opened
2025-10-31T10:47:08.899Z - info: No pages needed to be rebuilt
2025-10-31T10:47:22.051Z - info: Website generation (lazy) started at 6:47:21 pm
2025-10-31T10:47:30.549Z - warn: ENOENT: no such file or directory, open 'D:\Teaching\CS2113\_AY2526S1\ay2526s1-website\cache\gh-pages\https!github.com!nus-cs2113-AY2526S1!website.git\book\_markbind\variables.md'
2025-10-31T10:47:30.553Z - warn: ENOENT: no such file or directory, open 'D:\Teaching\CS2113\_AY2526S1\ay2526s1-website\cache\gh-pages\https!github.com!nus-cs2113-AY2526S1!website.git\_markbind\variables.md'
2025-10-31T10:47:30.710Z - info: Building assets...
2025-10-31T10:49:23.369Z - info: Assets built
2025-10-31T10:49:23.378Z - info: Generating landing page...
2025-10-31T10:49:33.122Z - info: Landing page built, other pages will be built as you navigate to them!
2025-10-31T10:49:43.522Z - info: Site data built
2025-10-31T10:49:43.542Z - info: Website generation (lazy) complete! Total build time: 141.563s
2025-10-31T10:49:43.918Z - info: Serving "D:\Teaching\CS2113\_AY2526S1\ay2526s1-website\_site" at http://127.0.0.1:8080
2025-10-31T10:49:43.934Z - info: Press CTRL+C to stop ...
2025-10-31T10:49:57.294Z - info: Building D:\Teaching\CS2113\_AY2526S1\ay2526s1-website\schedule\week12\project as some of its dependencies were changed since the last visit
2025-10-31T10:50:02.990Z - info: Site data built
2025-10-31T10:50:03.002Z - info: Lazy website regeneration complete! Total build time: 5.696s
2025-10-31T10:52:04.872Z - info: Building D:\Teaching\CS2113\_AY2526S1\ay2526s1-website\schedule\week12\tutorial as some of its dependencies were changed since the last visit
2025-10-31T10:52:05.828Z - info: Site data built
2025-10-31T10:52:05.828Z - info: Lazy website regeneration complete! Total build time: 0.958s
2025-10-31T10:53:17.300Z - info: [6:53:17 pm] Reload for file change: D:\Teaching\CS2113\_AY2526S1\ay2526s1-website\admin\common-tutorials-fragment.md
2025-10-31T10:53:17.333Z - info: Synchronizing opened pages list before reload
2025-10-31T10:53:17.347Z - info: Current opened pages, from most-to-least recent:
2025-10-31T10:53:17.370Z - info: 1. schedule/week12/tutorial
2025-10-31T10:53:18.376Z - info: Rebuilding 1 pages
2025-10-31T10:53:19.795Z - info: Site data built
2025-10-31T10:53:19.796Z - info: Pages rebuilt
2025-10-31T10:53:19.796Z - info: Website regeneration complete! Total build time: 1.421s
2025-10-31T10:53:39.860Z - info: Building D:\Teaching\CS2113\_AY2526S1\ay2526s1-website\admin\instructors as some of its dependencies were changed since the last visit
2025-10-31T10:53:40.343Z - info: Site data built
2025-10-31T10:53:40.344Z - info: Lazy website regeneration complete! Total build time: 0.485s
2025-10-31T10:53:50.307Z - info: [6:53:50 pm] Reload for file change: D:\Teaching\CS2113\_AY2526S1\ay2526s1-website\admin\common-tutorials-fragment.md
2025-10-31T10:53:50.309Z - info: Synchronizing opened pages list before reload
2025-10-31T10:53:50.309Z - info: Current opened pages, from most-to-least recent:
2025-10-31T10:53:50.310Z - info: 1. admin/instructors
2025-10-31T10:53:50.310Z - info: 2. schedule/week12/tutorial
2025-10-31T10:53:51.336Z - info: Rebuilding 1 pages
2025-10-31T10:53:51.949Z - info: Site data built
2025-10-31T10:53:51.950Z - info: Pages rebuilt
2025-10-31T10:53:51.951Z - info: Website regeneration complete! Total build time: 0.629s
2025-10-31T10:57:23.114Z - info: Website generation started at 6:56:21 pm
2025-10-31T10:57:28.256Z - info: Building assets...
