2025-08-22T06:25:59.528Z - info: Website generation (lazy) started at 2:25:44 pm
2025-08-22T06:26:06.101Z - warn: ENOENT: no such file or directory, open 'D:\Teaching\CS2113\_AY2526S1\ay2526s1-website\cache\gh-pages\https!github.com!nus-cs2113-AY2526S1!website.git\book\_markbind\variables.md'
2025-08-22T06:26:06.102Z - warn: ENOENT: no such file or directory, open 'D:\Teaching\CS2113\_AY2526S1\ay2526s1-website\cache\gh-pages\https!github.com!nus-cs2113-AY2526S1!website.git\_markbind\variables.md'
2025-08-22T06:26:06.172Z - info: Building assets...
2025-08-22T06:27:17.714Z - info: Assets built
2025-08-22T06:27:17.746Z - info: Generating landing page...
2025-08-22T06:27:28.732Z - info: Landing page built, other pages will be built as you navigate to them!
2025-08-22T06:27:35.980Z - info: Site data built
2025-08-22T06:27:36.015Z - info: Website generation (lazy) complete! Total build time: 111.182s
2025-08-22T06:27:36.701Z - info: Serving "D:\Teaching\CS2113\_AY2526S1\ay2526s1-website\_site" at http://127.0.0.1:8080
2025-08-22T06:27:36.703Z - info: Press CTRL+C to stop ...
2025-08-22T06:29:50.614Z - info: Building D:\Teaching\CS2113\_AY2526S1\ay2526s1-website\schedule\week3\tutorial as some of its dependencies were changed since the last visit
2025-08-22T06:29:52.743Z - info: Site data built
2025-08-22T06:29:52.744Z - info: Lazy website regeneration complete! Total build time: 2.131s
2025-08-22T06:30:00.370Z - info: Building D:\Teaching\CS2113\_AY2526S1\ay2526s1-website\schedule\week3\project as some of its dependencies were changed since the last visit
2025-08-22T06:30:01.885Z - info: Site data built
2025-08-22T06:30:01.886Z - info: Lazy website regeneration complete! Total build time: 1.517s
2025-08-22T06:30:18.872Z - info: Building D:\Teaching\CS2113\_AY2526S1\ay2526s1-website\schedule\week3\index as some of its dependencies were changed since the last visit
2025-08-22T06:30:20.093Z - info: Site data built
2025-08-22T06:30:20.093Z - info: Lazy website regeneration complete! Total build time: 1.222s
2025-08-22T06:30:38.078Z - info: Building D:\Teaching\CS2113\_AY2526S1\ay2526s1-website\schedule\week3\admin as some of its dependencies were changed since the last visit
2025-08-22T06:30:38.916Z - info: Site data built
2025-08-22T06:30:38.917Z - info: Lazy website regeneration complete! Total build time: 0.838s
2025-08-22T06:30:45.007Z - info: Building D:\Teaching\CS2113\_AY2526S1\ay2526s1-website\schedule\week3\topics as some of its dependencies were changed since the last visit
2025-08-22T06:30:47.642Z - info: Site data built
2025-08-22T06:30:47.642Z - info: Lazy website regeneration complete! Total build time: 2.635s
2025-08-22T06:38:32.367Z - info: Website generation (lazy) started at 2:37:45 pm
2025-08-22T06:38:47.419Z - warn: ENOENT: no such file or directory, open 'D:\Teaching\CS2113\_AY2526S1\ay2526s1-website\cache\gh-pages\https!github.com!nus-cs2113-AY2526S1!website.git\book\_markbind\variables.md'
2025-08-22T06:38:47.422Z - warn: ENOENT: no such file or directory, open 'D:\Teaching\CS2113\_AY2526S1\ay2526s1-website\cache\gh-pages\https!github.com!nus-cs2113-AY2526S1!website.git\_markbind\variables.md'
2025-08-22T06:38:47.556Z - info: Building assets...
2025-08-22T06:40:31.730Z - info: Assets built
2025-08-22T06:40:31.739Z - info: Generating landing page...
2025-08-22T06:40:36.017Z - info: Landing page built, other pages will be built as you navigate to them!
2025-08-22T06:40:38.447Z - info: Site data built
2025-08-22T06:40:38.448Z - info: Website generation (lazy) complete! Total build time: 173.173s
2025-08-22T06:40:38.555Z - info: Serving "D:\Teaching\CS2113\_AY2526S1\ay2526s1-website\_site" at http://127.0.0.1:8080
2025-08-22T06:40:38.556Z - info: Press CTRL+C to stop ...
2025-08-22T06:47:52.812Z - info: Building D:\Teaching\CS2113\_AY2526S1\ay2526s1-website\schedule\week3\project as some of its dependencies were changed since the last visit
2025-08-22T06:47:55.097Z - info: Site data built
2025-08-22T06:47:55.098Z - info: Lazy website regeneration complete! Total build time: 2.287s
2025-08-22T06:57:12.451Z - info: Website generation started at 2:56:39 pm
2025-08-22T06:57:16.675Z - info: Building assets...
